Archive member included to satisfy reference by file (symbol)

arch/arm/lib/lib.a(ashldi3.o)
                              drivers/built-in.o (__aeabi_llsl)
arch/arm/lib/lib.a(ashrdi3.o)
                              drivers/mtd/nand/built-in.o (__aeabi_lasr)
arch/arm/lib/lib.a(lib1funcs.o)
                              arch/arm/mach-omap2/built-in.o (__aeabi_uidiv)
arch/arm/lib/lib.a(lshrdi3.o)
                              drivers/mtd/nand/built-in.o (__aeabi_llsr)
arch/arm/lib/lib.a(div0.o)    arch/arm/lib/lib.a(lib1funcs.o) (__div0)

Discarded input sections

 .data          0x0000000000000000        0x0 arch/arm/cpu/armv7/start.o
 .bss           0x0000000000000000        0x0 arch/arm/cpu/armv7/start.o
 .text          0x0000000000000000        0x0 board/ti/am335x/built-in.o
 .text.do_board_detect
                0x0000000000000000       0x2c board/ti/am335x/built-in.o
 .text.board_fit_config_name_match
                0x0000000000000000       0xe0 board/ti/am335x/built-in.o
 .data          0x0000000000000000        0x0 board/ti/am335x/built-in.o
 .bss           0x0000000000000000        0x0 board/ti/am335x/built-in.o
 .text.mmu_page_table_flush
                0x0000000000000000       0x1e arch/arm/cpu/armv7/built-in.o
 .text.v7_arch_cp15_set_l2aux_ctrl
                0x0000000000000000        0x6 arch/arm/cpu/armv7/built-in.o
 .text.v7_arch_cp15_set_acr
                0x0000000000000000        0x6 arch/arm/cpu/armv7/built-in.o
 .text.wait_on_value
                0x0000000000000000       0x1e arch/arm/cpu/armv7/built-in.o
 .data          0x0000000000000000        0x0 arch/arm/cpu/armv7/built-in.o
 .bss           0x0000000000000000        0x0 arch/arm/cpu/armv7/built-in.o
 .text.armv7_boot_nonsec_default
                0x0000000000000000        0x4 arch/arm/lib/built-in.o
 .text.enable_caches
                0x0000000000000000        0xc arch/arm/lib/built-in.o
 .text.invalidate_dcache_range
                0x0000000000000000        0x2 arch/arm/lib/built-in.o
 .text.flush_dcache_range
                0x0000000000000000        0x2 arch/arm/lib/built-in.o
 .text.flush_dcache_all
                0x0000000000000000        0xa arch/arm/lib/built-in.o
 .text.invalidate_l2_cache
                0x0000000000000000        0xc arch/arm/lib/built-in.o
 .text.arm_init_before_mmu
                0x0000000000000000        0x2 arch/arm/lib/built-in.o
 .text.arm_init_domains
                0x0000000000000000        0x2 arch/arm/lib/built-in.o
 .text.mmu_page_table_flush
                0x0000000000000000       0x10 arch/arm/lib/built-in.o
 .text.mmu_set_region_dcache_behaviour
                0x0000000000000000       0x68 arch/arm/lib/built-in.o
 .text.dram_bank_mmu_setup
                0x0000000000000000       0x40 arch/arm/lib/built-in.o
 .text.icache_status
                0x0000000000000000        0xa arch/arm/lib/built-in.o
 .text.fdt_psci
                0x0000000000000000        0x4 arch/arm/lib/built-in.o
 .rodata.__func__.7939
                0x0000000000000000       0x15 arch/arm/lib/built-in.o
 .rodata.__func__.7950
                0x0000000000000000       0x20 arch/arm/lib/built-in.o
 .rodata.__func__.7959
                0x0000000000000000       0x14 arch/arm/lib/built-in.o
 .data          0x0000000000000000        0x0 arch/arm/lib/built-in.o
 .__secure_end  0x0000000000000000        0x0 arch/arm/lib/built-in.o
 .__secure_stack_start
                0x0000000000000000        0x0 arch/arm/lib/built-in.o
 .__secure_stack_end
                0x0000000000000000        0x0 arch/arm/lib/built-in.o
 .__secure_start
                0x0000000000000000        0x0 arch/arm/lib/built-in.o
 .bss           0x0000000000000000        0x0 arch/arm/lib/built-in.o
 .text.get_dpll_mpu_params
                0x0000000000000000        0x8 arch/arm/mach-omap2/built-in.o
 .text.get_dpll_core_params
                0x0000000000000000       0x14 arch/arm/mach-omap2/built-in.o
 .text.get_dpll_per_params
                0x0000000000000000       0x14 arch/arm/mach-omap2/built-in.o
 .text.setup_clocks_for_console
                0x0000000000000000       0x7c arch/arm/mach-omap2/built-in.o
 .text.enable_basic_clocks
                0x0000000000000000       0x44 arch/arm/mach-omap2/built-in.o
 .text.set_mpu_spreadspectrum
                0x0000000000000000       0xcc arch/arm/mach-omap2/built-in.o
 .text.do_setup_dpll
                0x0000000000000000       0xe0 arch/arm/mach-omap2/built-in.o
 .text.do_enable_clocks
                0x0000000000000000       0x78 arch/arm/mach-omap2/built-in.o
 .text.do_disable_clocks
                0x0000000000000000       0x80 arch/arm/mach-omap2/built-in.o
 .text.scale_vcores
                0x0000000000000000        0x2 arch/arm/mach-omap2/built-in.o
 .text.setup_early_clocks
                0x0000000000000000       0x12 arch/arm/mach-omap2/built-in.o
 .text.prcm_init
                0x0000000000000000       0x5c arch/arm/mach-omap2/built-in.o
 .text.get_sysboot_value
[...]
Memory Configuration

Name             Origin             Length             Attributes
*default*        0x0000000000000000 0xffffffffffffffff

Linker script and memory map

Address of section .text set to 0x80800000
                0x0000000000000000                . = 0x0
                0x0000000000000000                . = ALIGN (0x4)

.text           0x0000000080800000    0x4b5b4
 *(.__image_copy_start)
 .__image_copy_start
                0x0000000080800000        0x0 arch/arm/lib/built-in.o
                0x0000000080800000                __image_copy_start
 *(.vectors)
 .vectors       0x0000000080800000      0x300 arch/arm/lib/built-in.o
                0x0000000080800000                _start
                0x0000000080800020                _undefined_instruction
                0x0000000080800024                _software_interrupt
                0x0000000080800028                _prefetch_abort
                0x000000008080002c                _data_abort
                0x0000000080800030                _not_used
                0x0000000080800034                _irq
                0x0000000080800038                _fiq
                0x0000000080800040                IRQ_STACK_START_IN
 arch/arm/cpu/armv7/start.o(.text*)
 .text          0x0000000080800300       0xa4 arch/arm/cpu/armv7/start.o
                0x0000000080800300                reset
                0x0000000080800304                save_boot_params_ret
                0x0000000080800338                c_runtime_cpu_setup
                0x000000008080034c                cpu_init_cp15
 board/ti/am335x/built-in.o(.text*)
 .text.request_and_set_gpio
                0x00000000808003a4       0x58 board/ti/am335x/built-in.o
 .text.board_init
                0x00000000808003fc      0x18c board/ti/am335x/built-in.o
                0x00000000808003fc                board_init
 .text.board_late_init
                0x0000000080800588      0x19c board/ti/am335x/built-in.o
                0x0000000080800588                board_late_init
 *(.text*)
 .text          0x0000000080800724      0x158 arch/arm/cpu/armv7/built-in.o
                0x0000000080800724                __v7_flush_dcache_all
                0x00000000808007c0                v7_flush_dcache_all
                0x00000000808007d0                __v7_invalidate_dcache_all
                0x000000008080086c                v7_invalidate_dcache_all
 .text.invalidate_icache_all
                0x000000008080087c       0x14 arch/arm/cpu/armv7/built-in.o
                0x000000008080087c                invalidate_icache_all
 .text.v7_outer_cache_enable
                0x0000000080800890        0x2 arch/arm/cpu/armv7/built-in.o
                0x0000000080800890                v7_outer_cache_enable
 .text.v7_outer_cache_disable
                0x0000000080800892        0x2 arch/arm/cpu/armv7/built-in.o
                0x0000000080800892                v7_outer_cache_disable
 .text.v7_outer_cache_flush_all
                0x0000000080800894        0x2 arch/arm/cpu/armv7/built-in.o
                0x0000000080800894                v7_outer_cache_flush_all
 .text.flush_dcache_all
                0x0000000080800896        0xe arch/arm/cpu/armv7/built-in.o
                0x0000000080800896                flush_dcache_all
 .text.v7_outer_cache_inval_all
                0x00000000808008a4        0x2 arch/arm/cpu/armv7/built-in.o
                0x00000000808008a4                v7_outer_cache_inval_all
 .text.invalidate_dcache_all
                0x00000000808008a6        0xe arch/arm/cpu/armv7/built-in.o
                0x00000000808008a6                invalidate_dcache_all
 .text.arm_init_before_mmu
                0x00000000808008b4       0x22 arch/arm/cpu/armv7/built-in.o
                0x00000000808008b4                arm_init_before_mmu
 .text.v7_outer_cache_flush_range
                0x00000000808008d6        0x2 arch/arm/cpu/armv7/built-in.o
                0x00000000808008d6                v7_outer_cache_flush_range
 .text.flush_dcache_range
                0x00000000808008d8       0x3a arch/arm/cpu/armv7/built-in.o
                0x00000000808008d8                flush_dcache_range
 .text.v7_outer_cache_inval_range
                0x0000000080800912        0x2 arch/arm/cpu/armv7/built-in.o
                0x0000000080800912                v7_outer_cache_inval_range
 .text.invalidate_dcache_range
                0x0000000080800914       0x42 arch/arm/cpu/armv7/built-in.o
                0x0000000080800914                invalidate_dcache_range
 .text.cpu_cache_initialization
                0x0000000080800956        0x2 arch/arm/cpu/armv7/built-in.o
                0x0000000080800956                cpu_cache_initialization
 .text.cleanup_before_linux_select
                0x0000000080800958       0x3e arch/arm/cpu/armv7/built-in.o
                0x0000000080800958                cleanup_before_linux_select
 .text.cleanup_before_linux
                0x0000000080800996        0x6 arch/arm/cpu/armv7/built-in.o
                0x0000000080800996                cleanup_before_linux
 .text.sdelay   0x000000008080099c        0x6 arch/arm/cpu/armv7/built-in.o
                0x000000008080099c                sdelay
 *fill*         0x00000000808009a2       0x1e 
 .text          0x00000000808009c0      0x420 arch/arm/lib/built-in.o
                0x00000000808009c0                _main
                0x0000000080800a60                memset
                0x0000000080800b00                memcpy
 .text.relocate_vectors
                0x0000000080800de0       0x70 arch/arm/lib/built-in.o
                0x0000000080800de0                relocate_vectors
                0x0000000080800dec                relocate_code
 .text.arch_fixup_fdt
                0x0000000080800e50       0x26 arch/arm/lib/built-in.o
                0x0000000080800e50                arch_fixup_fdt
 *fill*         0x0000000080800e76        0x2 
 .text.arch_lmb_reserve
                0x0000000080800e78       0x30 arch/arm/lib/built-in.o
                0x0000000080800e78                arch_lmb_reserve
 .text.board_quiesce_devices
                0x0000000080800ea8        0x2 arch/arm/lib/built-in.o
                0x0000000080800ea8                board_quiesce_devices
 *fill*         0x0000000080800eaa        0x2 
 .text.boot_jump_linux
                0x0000000080800eac       0xa8 arch/arm/lib/built-in.o
 .text.setup_board_tags
                0x0000000080800f54        0x2 arch/arm/lib/built-in.o
                0x0000000080800f54                setup_board_tags
 *fill*         0x0000000080800f56        0x2 
 .text.boot_prep_linux
                0x0000000080800f58      0x12c arch/arm/lib/built-in.o
 .text.do_bootm_linux
                0x0000000080801084       0x40 arch/arm/lib/built-in.o
                0x0000000080801084                do_bootm_linux
 .text.boot_prep_vxworks
                0x00000000808010c4       0x34 arch/arm/lib/built-in.o
                0x00000000808010c4                boot_prep_vxworks
 .text.boot_jump_vxworks
                0x00000000808010f8        0xe arch/arm/lib/built-in.o
                0x00000000808010f8                boot_jump_vxworks
 *fill*         0x0000000080801106        0x2 
 .text.bootz_setup
                0x0000000080801108       0x6c arch/arm/lib/built-in.o
                0x0000000080801108                bootz_setup
 .text.arch_reserve_stacks
                0x0000000080801174       0x10 arch/arm/lib/built-in.o
                0x0000000080801174                arch_reserve_stacks
 .text.interrupt_init
                0x0000000080801184       0x14 arch/arm/lib/built-in.o
                0x0000000080801184                interrupt_init
 .text.enable_interrupts
                0x0000000080801198        0x2 arch/arm/lib/built-in.o
                0x0000000080801198                enable_interrupts
 .text.disable_interrupts
                0x000000008080119a        0x4 arch/arm/lib/built-in.o
                0x000000008080119a                disable_interrupts
 *fill*         0x000000008080119e        0x2 
 .text.bad_mode
                0x00000000808011a0        0xc arch/arm/lib/built-in.o
                0x00000000808011a0                bad_mode
 .text.show_regs
                0x00000000808011ac      0x104 arch/arm/lib/built-in.o
                0x00000000808011ac                show_regs
 .text.do_undefined_instruction
                0x00000000808012b0       0x24 arch/arm/lib/built-in.o
                0x00000000808012b0                do_undefined_instruction
 .text.do_software_interrupt
                0x00000000808012d4       0x24 arch/arm/lib/built-in.o
                0x00000000808012d4                do_software_interrupt
 .text.do_prefetch_abort
                0x00000000808012f8       0x24 arch/arm/lib/built-in.o
                0x00000000808012f8                do_prefetch_abort
 .text.do_data_abort
                0x000000008080131c       0x24 arch/arm/lib/built-in.o
                0x000000008080131c                do_data_abort
 .text.do_not_used
                0x0000000080801340       0x24 arch/arm/lib/built-in.o
                0x0000000080801340                do_not_used
 .text.do_fiq   0x0000000080801364       0x24 arch/arm/lib/built-in.o
                0x0000000080801364                do_fiq
 .text.do_irq   0x0000000080801388       0x24 arch/arm/lib/built-in.o
                0x0000000080801388                do_irq
 .text.reset_misc
                0x00000000808013ac        0x2 arch/arm/lib/built-in.o
                0x00000000808013ac                reset_misc
 *fill*         0x00000000808013ae        0x2 
 .text.do_reset
                0x00000000808013b0       0x28 arch/arm/lib/built-in.o
                0x00000000808013b0                do_reset
 .text.flush_cache
                0x00000000808013d8        0x6 arch/arm/lib/built-in.o
                0x00000000808013d8                flush_cache
 *fill*         0x00000000808013de        0x2 
 .text.check_cache_range
                0x00000000808013e0       0x24 arch/arm/lib/built-in.o
                0x00000000808013e0                check_cache_range
 .text.set_section_dcache
                0x0000000080801404       0x14 arch/arm/lib/built-in.o
                0x0000000080801404                set_section_dcache
 .text.icache_enable
                0x0000000080801418       0x12 arch/arm/lib/built-in.o
                0x0000000080801418                icache_enable
 .text.icache_disable
                0x000000008080142a       0x16 arch/arm/lib/built-in.o
                0x000000008080142a                icache_disable
 .text.dcache_enable
                0x0000000080801440       0x70 arch/arm/lib/built-in.o
                0x0000000080801440                dcache_enable
 .text.dcache_disable
                0x00000000808014b0       0x20 arch/arm/lib/built-in.o
                0x00000000808014b0                dcache_disable
 .text.dcache_status
                0x00000000808014d0        0xa arch/arm/lib/built-in.o
                0x00000000808014d0                dcache_status
 *fill*         0x00000000808014da        0x2 
 .text          0x00000000808014dc       0x60 arch/arm/mach-omap2/built-in.o
                0x00000000808014dc                save_boot_params
                0x00000000808014e8                omap_smc1
                0x0000000080801504                omap_smc_sec
 .text.get_cpu_rev
                0x000000008080153c       0x10 arch/arm/mach-omap2/built-in.o
                0x000000008080153c                get_cpu_rev
 .text.get_cpu_type
                0x000000008080154c       0x14 arch/arm/mach-omap2/built-in.o
                0x000000008080154c                get_cpu_type
 .text.print_cpuinfo
                0x0000000080801560       0x90 arch/arm/mach-omap2/built-in.o
                0x0000000080801560                print_cpuinfo
 .text.dram_init
                0x00000000808015f0       0x16 arch/arm/mach-omap2/built-in.o
                0x00000000808015f0                dram_init
 .text.dram_init_banksize
                0x0000000080801606       0x14 arch/arm/mach-omap2/built-in.o
                0x0000000080801606                dram_init_banksize
 *fill*         0x000000008080161a        0x2 
 .text.arch_misc_init
                0x000000008080161c       0x38 arch/arm/mach-omap2/built-in.o
                0x000000008080161c                arch_misc_init
 .text.arch_cpu_init_dm
                0x0000000080801654        0xa arch/arm/mach-omap2/built-in.o
                0x0000000080801654                arch_cpu_init_dm
 *fill*         0x000000008080165e        0x2 
 .text.hw_data_init
                0x0000000080801660       0x14 arch/arm/mach-omap2/built-in.o
                0x0000000080801660                hw_data_init
 .text.clk_synthesizer_reg_write
                0x0000000080801674       0x38 arch/arm/mach-omap2/built-in.o
 .text.setup_clock_synthesizer
                0x00000000808016ac       0x84 arch/arm/mach-omap2/built-in.o
                0x00000000808016ac                setup_clock_synthesizer
 .text.reset_cpu
                0x0000000080801730       0x10 arch/arm/mach-omap2/built-in.o
                0x0000000080801730                reset_cpu
 .text.get_device_type
                0x0000000080801740       0x18 arch/arm/mach-omap2/built-in.o
                0x0000000080801740                get_device_type
 .text.enable_caches
                0x0000000080801758        0x4 arch/arm/mach-omap2/built-in.o
                0x0000000080801758                enable_caches
 .text.dram_bank_mmu_setup
                0x000000008080175c       0x38 arch/arm/mach-omap2/built-in.o
                0x000000008080175c                dram_bank_mmu_setup
 .text.arm_init_domains
                0x0000000080801794       0x16 arch/arm/mach-omap2/built-in.o
                0x0000000080801794                arm_init_domains
 *fill*         0x00000000808017aa        0x2 
 .text.fb_set_reboot_flag
                0x00000000808017ac       0x24 arch/arm/mach-omap2/built-in.o
                0x00000000808017ac                fb_set_reboot_flag
 .text.enable_gpmc_cs_config
                0x00000000808017d0       0x6c arch/arm/mach-omap2/built-in.o
                0x00000000808017d0                enable_gpmc_cs_config
 .text.set_gpmc_cs0
                0x000000008080183c       0x4c arch/arm/mach-omap2/built-in.o
                0x000000008080183c                set_gpmc_cs0
 .text.gpmc_init
                0x0000000080801888       0x50 arch/arm/mach-omap2/built-in.o
                0x0000000080801888                gpmc_init
 .text.board_ti_is
                0x00000000808018d8       0x30 board/ti/common/built-in.o
                0x00000000808018d8                board_ti_is
 .text.board_ti_get_rev
                0x0000000080801908        0x8 board/ti/common/built-in.o
                0x0000000080801908                board_ti_get_rev
 .text.set_board_info_env
                0x0000000080801910       0x3c board/ti/common/built-in.o
                0x0000000080801910                set_board_info_env
 .text.do_go_exec
                0x000000008080194c        0xc cmd/built-in.o
                0x000000008080194c                do_go_exec
 .text.do_go    0x0000000080801958       0x4c cmd/built-in.o
 .text.do_bootm
                0x00000000808019a4       0xa8 cmd/built-in.o
                0x00000000808019a4                do_bootm
 .text.do_bootd
                0x0000000080801a4c       0x18 cmd/built-in.o
                0x0000000080801a4c                do_bootd
 .text.image_info
                0x0000000080801a64       0xdc cmd/built-in.o
 .text.do_iminfo
                0x0000000080801b40       0x40 cmd/built-in.o
 .text.bootm_maybe_autostart
                0x0000000080801b80       0x4c cmd/built-in.o
                0x0000000080801b80                bootm_maybe_autostart
 .text.do_help  0x0000000080801bcc       0x30 cmd/built-in.o
 .text.do_version
                0x0000000080801bfc       0x30 cmd/built-in.o
 .text.blk_common_cmd
                0x0000000080801c2c      0x218 cmd/built-in.o
                0x0000000080801c2c                blk_common_cmd
 .text.source   0x0000000080801e44      0x130 cmd/built-in.o
                0x0000000080801e44                source
 .text.do_source
                0x0000000080801f74       0x70 cmd/built-in.o
 .text.print_num
                0x0000000080801fe4       0x10 cmd/built-in.o
 .text.do_bdinfo
                0x0000000080801ff4       0xc8 cmd/built-in.o
 .text.do_bootefi_exec
                0x00000000808020bc      0x230 cmd/built-in.o
 .text.do_bootefi
                0x00000000808022ec       0x5c cmd/built-in.o
 .text.efi_set_bootdev
                0x0000000080802348       0xf8 cmd/built-in.o
                0x0000000080802348                efi_set_bootdev
 .text.do_bootz
                0x0000000080802440       0xb4 cmd/built-in.o
                0x0000000080802440                do_bootz
 .text.do_coninfo
                0x00000000808024f4       0x7c cmd/built-in.o
 .text.do_echo  0x0000000080802570       0x70 cmd/built-in.o
 .text.parse_numeric_param
                0x00000000808025e0       0x1c cmd/built-in.o
 .text.parse_i2c_bus_addr
                0x00000000808025fc       0x54 cmd/built-in.o
 .text.eeprom_write_enable
                0x0000000080802650        0x4 cmd/built-in.o
                0x0000000080802650                eeprom_write_enable
 .text.eeprom_read
                0x0000000080802654       0x4a cmd/built-in.o
                0x0000000080802654                eeprom_read
 .text.eeprom_write
                0x000000008080269e       0x66 cmd/built-in.o
                0x000000008080269e                eeprom_write
 .text.do_eeprom
                0x0000000080802704      0x100 cmd/built-in.o
                0x0000000080802704                do_eeprom
 .text.load_elf_image_shdr
                0x0000000080802804       0xa4 cmd/built-in.o
 .text.valid_elf_image
                0x00000000808028a8       0x30 cmd/built-in.o
                0x00000000808028a8                valid_elf_image
 .text.do_bootelf
                0x00000000808028d8      0x138 cmd/built-in.o
                0x00000000808028d8                do_bootelf
 .text.do_bootvx
                0x0000000080802a10      0x238 cmd/built-in.o
                0x0000000080802a10                do_bootvx
 .text.do_exit  0x0000000080802c48       0x1e cmd/built-in.o
 .text.do_ext4_size
                0x0000000080802c66        0xe cmd/built-in.o
                0x0000000080802c66                do_ext4_size
 .text.do_ext4_load
                0x0000000080802c74        0xe cmd/built-in.o
                0x0000000080802c74                do_ext4_load
 .text.do_ext4_ls
                0x0000000080802c82        0xe cmd/built-in.o
                0x0000000080802c82                do_ext4_ls
 .text.do_ext4_write
                0x0000000080802c90        0xe cmd/built-in.o
                0x0000000080802c90                do_ext4_write
 .text.do_ext2load
                0x0000000080802c9e        0xe cmd/built-in.o
                0x0000000080802c9e                do_ext2load
 .text.do_ext2ls
                0x0000000080802cac        0xe cmd/built-in.o
 .text.do_fat_size
                0x0000000080802cba        0xe cmd/built-in.o
                0x0000000080802cba                do_fat_size
 .text.do_fat_fsload
                0x0000000080802cc8        0xe cmd/built-in.o
                0x0000000080802cc8                do_fat_fsload
 .text.do_fat_ls
                0x0000000080802cd6        0xe cmd/built-in.o
 .text.do_fat_fsinfo
                0x0000000080802ce4       0x58 cmd/built-in.o
 .text.do_fat_fswrite
                0x0000000080802d3c       0xc0 cmd/built-in.o
 .text.fdt_valid
                0x0000000080802dfc       0x74 cmd/built-in.o
 .text.is_printable_string
                0x0000000080802e70       0x50 cmd/built-in.o
 .text.print_data
                0x0000000080802ec0       0xf8 cmd/built-in.o
 .text.set_working_fdt_addr
                0x0000000080802fb8       0x14 cmd/built-in.o
                0x0000000080802fb8                set_working_fdt_addr
 .text.do_fdt   0x0000000080802fcc      0xac0 cmd/built-in.o
 .text.do_size_wrapper
                0x0000000080803a8c        0xe cmd/built-in.o
 *fill*         0x0000000080803a9a        0x2 
 .text.do_load_wrapper
                0x0000000080803a9c       0x40 cmd/built-in.o
 .text.do_save_wrapper
                0x0000000080803adc        0xe cmd/built-in.o
 .text.do_ls_wrapper
                0x0000000080803aea        0xe cmd/built-in.o
 .text.do_fstype_wrapper
                0x0000000080803af8        0x4 cmd/built-in.o
 .text.gpio_get_description
                0x0000000080803afc       0x7c cmd/built-in.o
 .text.do_gpio  0x0000000080803b78      0x22c cmd/built-in.o
 .text.do_i2c   0x0000000080803da4       0x3c cmd/built-in.o
 .text.i2c_get_cur_bus
                0x0000000080803de0       0x24 cmd/built-in.o
 .text.do_i2c_bus_speed
                0x0000000080803e04       0x64 cmd/built-in.o
 .text.do_i2c_reset
                0x0000000080803e68       0x24 cmd/built-in.o
 .text.i2c_get_cur_bus_chip
                0x0000000080803e8c       0x1e cmd/built-in.o
 *fill*         0x0000000080803eaa        0x2 
 .text.do_i2c_probe
                0x0000000080803eac       0x74 cmd/built-in.o
 .text.do_i2c_bus_num
                0x0000000080803f20       0x80 cmd/built-in.o
 .text.show_bus
                0x0000000080803fa0       0x64 cmd/built-in.o
 .text.do_i2c_show_bus
                0x0000000080804004       0x6c cmd/built-in.o
 .text.get_alen.constprop.4
                0x0000000080804070       0x1e cmd/built-in.o
 *fill*         0x000000008080408e        0x2 
 .text.do_i2c_crc
                0x0000000080804090       0xdc cmd/built-in.o
 .text.do_i2c_olen
                0x000000008080416c       0x78 cmd/built-in.o
 .text.do_i2c_flags
                0x00000000808041e4       0x7c cmd/built-in.o
 .text.do_i2c_write
                0x0000000080804260      0x104 cmd/built-in.o
 .text.do_i2c_mw
                0x0000000080804364       0xbc cmd/built-in.o
 .text.do_i2c_read
                0x0000000080804420       0x94 cmd/built-in.o
 .text.do_i2c_md
                0x00000000808044b4      0x158 cmd/built-in.o
 .text.mod_i2c_mem.isra.2
                0x000000008080460c      0x16c cmd/built-in.o
 .text.do_i2c_nm
                0x0000000080804778        0x6 cmd/built-in.o
 .text.do_i2c_mm
                0x000000008080477e        0x6 cmd/built-in.o
 .text.do_i2c_loop
                0x0000000080804784       0xb8 cmd/built-in.o
 .text.evalexp  0x000000008080483c       0x4a cmd/built-in.o
 .text.evalstr  0x0000000080804886       0x3e cmd/built-in.o
 .text.binary_test
                0x00000000808048c4      0x130 cmd/built-in.o
 .text.do_itest
                0x00000000808049f4       0x58 cmd/built-in.o
 .text.bin_data_init
                0x0000000080804a4c       0x1c cmd/built-in.o
 .text.k_data_save
                0x0000000080804a68       0x34 cmd/built-in.o
 .text.k_data_restore
                0x0000000080804a9c       0x34 cmd/built-in.o
 .text.getcxmodem
                0x0000000080804ad0       0x16 cmd/built-in.o
 *fill*         0x0000000080804ae6        0x2 
 .text.load_serial_ymodem
                0x0000000080804ae8       0x8c cmd/built-in.o
 .text.bin_data_char
                0x0000000080804b74       0x1c cmd/built-in.o
 .text.chk1.constprop.1
                0x0000000080804b90       0x20 cmd/built-in.o
 .text.s1_sendpacket.constprop.2
                0x0000000080804bb0       0x34 cmd/built-in.o
 .text.load_serial
                0x0000000080804be4      0x128 cmd/built-in.o
 .text.do_load_serial
                0x0000000080804d0c       0x90 cmd/built-in.o
 .text.do_load_serial_bin
                0x0000000080804d9c      0x550 cmd/built-in.o
 .text.do_mem_mw
                0x00000000808052ec       0x80 cmd/built-in.o
 .text.do_mem_loop
                0x000000008080536c       0x8e cmd/built-in.o
 *fill*         0x00000000808053fa        0x2 
 .text.do_mem_md
                0x00000000808053fc       0xa0 cmd/built-in.o
 .text.do_mem_base
                0x000000008080549c       0x28 cmd/built-in.o
 .text.do_mem_cp
                0x00000000808054c4       0x74 cmd/built-in.o
 .text.do_mem_cmp
                0x0000000080805538       0xf8 cmd/built-in.o
 .text.do_mem_crc
                0x0000000080805630       0x2c cmd/built-in.o
 .text.mod_mem.isra.2
                0x000000008080565c       0xec cmd/built-in.o
 .text.do_mem_mm
                0x0000000080805748        0x6 cmd/built-in.o
 .text.do_mem_nm
                0x000000008080574e        0x6 cmd/built-in.o
 .text.extract_range
                0x0000000080805754       0x78 cmd/built-in.o
 .text.do_mii   0x00000000808057cc      0x620 cmd/built-in.o
 .text.do_mdio  0x0000000080805dec      0x31c cmd/built-in.o
 .text.do_sleep
                0x0000000080806108       0x84 cmd/built-in.o
 .text.do_mmcops
                0x000000008080618c       0x74 cmd/built-in.o
 .text.init_mmc_device
                0x0000000080806200       0x34 cmd/built-in.o
 .text.do_mmc_rescan
                0x0000000080806234       0x1c cmd/built-in.o
 .text.do_mmc_hwpartition
                0x0000000080806250      0x3c0 cmd/built-in.o
 .text.do_mmc_list
                0x0000000080806610        0xc cmd/built-in.o
 .text.do_mmc_dev
                0x000000008080661c       0xcc cmd/built-in.o
 .text.do_mmc_part
                0x00000000808066e8       0x38 cmd/built-in.o
 .text.do_mmc_erase
                0x0000000080806720       0x9c cmd/built-in.o
 .text.do_mmc_write
                0x00000000808067bc       0xb0 cmd/built-in.o
 .text.do_mmc_read
                0x000000008080686c       0xa8 cmd/built-in.o
 .text.do_mmcinfo
                0x0000000080806914      0x29c cmd/built-in.o
 .text.do_mmc_setdsr
                0x0000000080806bb0       0x74 cmd/built-in.o
 .text.part_delall
                0x0000000080806c24       0x26 cmd/built-in.o
 .text.memsize_parse
                0x0000000080806c4a       0x54 cmd/built-in.o
 *fill*         0x0000000080806c9e        0x2 
 .text.mtd_part_info
                0x0000000080806ca0       0x88 cmd/built-in.o
 .text.index_partitions
                0x0000000080806d28       0xb4 cmd/built-in.o
 .text.current_save
                0x0000000080806ddc       0x98 cmd/built-in.o
 .text.part_sort_add
                0x0000000080806e74       0xc8 cmd/built-in.o
 .text.env_get_mtdparts
                0x0000000080806f3c       0x30 cmd/built-in.o
 .text.memsize_format
                0x0000000080806f6c       0x74 cmd/built-in.o
 .text.device_del
                0x0000000080806fe0       0x50 cmd/built-in.o
 .text.generate_mtdparts_save.constprop.7
                0x0000000080807030      0x1d0 cmd/built-in.o
 .text.device_delall.constprop.9
                0x0000000080807200       0x3c cmd/built-in.o
 .text.mtd_devices_init
                0x000000008080723c       0x20 cmd/built-in.o
 .text.get_mtd_info.constprop.10
                0x000000008080725c       0x58 cmd/built-in.o
 .text.part_validate
                0x00000000808072b4      0x250 cmd/built-in.o
 .text.device_find
                0x0000000080807504       0x2c cmd/built-in.o
                0x0000000080807504                device_find
 .text.device_parse
                0x0000000080807530      0x410 cmd/built-in.o
 .text.mtd_id_parse
                0x0000000080807940       0xa0 cmd/built-in.o
                0x0000000080807940                mtd_id_parse
 .text.find_dev_and_part
                0x00000000808079e0      0x130 cmd/built-in.o
                0x00000000808079e0                find_dev_and_part
 .text.mtdparts_init
                0x0000000080807b10      0x548 cmd/built-in.o
                0x0000000080807b10                mtdparts_init
 .text.do_chpart
                0x0000000080808058       0x88 cmd/built-in.o
 .text.do_mtdparts
                0x00000000808080e0      0x468 cmd/built-in.o
 .text.set_dev  0x0000000080808548       0x40 cmd/built-in.o
 .text.nand_print_and_set_info
                0x0000000080808588       0xb4 cmd/built-in.o
 .text.do_nand  0x000000008080863c      0x8a8 cmd/built-in.o
 .text.nand_load_image
                0x0000000080808ee4      0x174 cmd/built-in.o
 .text.do_nandboot
                0x0000000080809058      0x15c cmd/built-in.o
 .text.netboot_common
                0x00000000808091b4      0x1c8 cmd/built-in.o
 .text.do_bootp
                0x000000008080937c        0x8 cmd/built-in.o
 .text.do_dhcp  0x0000000080809384        0x8 cmd/built-in.o
 .text.do_nfs   0x000000008080938c        0x8 cmd/built-in.o
 .text.do_tftpb
                0x0000000080809394       0x26 cmd/built-in.o
                0x0000000080809394                do_tftpb
 *fill*         0x00000000808093ba        0x2 
 .text.do_ping  0x00000000808093bc       0x4c cmd/built-in.o
 .text.do_part_list
                0x0000000080809408       0xe4 cmd/built-in.o
 .text.do_part_start
                0x00000000808094ec       0x84 cmd/built-in.o
 .text.do_part_size
                0x0000000080809570       0x84 cmd/built-in.o
 .text.do_part  0x00000000808095f4       0xb0 cmd/built-in.o
 .text.eol_or_eof
                0x00000000808096a4       0x12 cmd/built-in.o
 *fill*         0x00000000808096b6        0x2 
 .text.do_pxe   0x00000000808096b8       0x48 cmd/built-in.o
 .text.label_print
                0x0000000080809700       0x14 cmd/built-in.o
 .text.do_get_tftp
                0x0000000080809714       0x2c cmd/built-in.o
 .text.from_env
                0x0000000080809740       0x1c cmd/built-in.o
 .text.get_string
                0x000000008080975c       0x7c cmd/built-in.o
 .text.label_destroy
                0x00000000808097d8       0x3e cmd/built-in.o
 .text.destroy_pxe_menu
                0x0000000080809816       0x36 cmd/built-in.o
 .text.get_token
                0x000000008080984c       0xa4 cmd/built-in.o
 .text.parse_sliteral
                0x00000000808098f0       0x34 cmd/built-in.o
 .text.parse_integer
                0x0000000080809924       0x44 cmd/built-in.o
 .text.do_get_any
                0x0000000080809968       0x2c cmd/built-in.o
 .text.do_get_fat
                0x0000000080809994       0x28 cmd/built-in.o
 .text.do_get_ext2
                0x00000000808099bc       0x28 cmd/built-in.o
 .text.format_mac_pxe.constprop.9
                0x00000000808099e4       0x54 cmd/built-in.o
 .text.get_relfile
                0x0000000080809a38       0xcc cmd/built-in.o
 .text.get_pxe_file
                0x0000000080809b04       0x3c cmd/built-in.o
 .text.handle_include
                0x0000000080809b40       0x68 cmd/built-in.o
 .text.parse_pxefile_top
                0x0000000080809ba8      0x318 cmd/built-in.o
 .text.parse_pxefile
                0x0000000080809ec0       0x40 cmd/built-in.o
 .text.get_pxelinux_path
                0x0000000080809f00       0x54 cmd/built-in.o
 .text.do_pxe_get
                0x0000000080809f54       0xdc cmd/built-in.o
 .text.get_relfile_envaddr
                0x000000008080a030       0x34 cmd/built-in.o
 .text.label_boot
                0x000000008080a064      0x3d4 cmd/built-in.o
 .text.handle_pxe_menu
                0x000000008080a438       0xdc cmd/built-in.o
 .text.do_pxe_boot
                0x000000008080a514       0x94 cmd/built-in.o
 .text.do_sysboot
                0x000000008080a5a8      0x140 cmd/built-in.o
 .text.bytes_per_second
                0x000000008080a6e8       0x34 cmd/built-in.o
 .text.do_spi_flash
                0x000000008080a71c      0x598 cmd/built-in.o
 .text.do_spi   0x000000008080acb4      0x1ac cmd/built-in.o
                0x000000008080acb4                do_spi
 .text.do_time  0x000000008080ae60       0x88 cmd/built-in.o
 .text.do_false
                0x000000008080aee8        0x4 cmd/built-in.o
 .text.do_true  0x000000008080aeec        0x4 cmd/built-in.o
 .text.do_test  0x000000008080aef0      0x238 cmd/built-in.o
 .text.usb_get_class_desc
                0x000000008080b128       0x74 cmd/built-in.o
 .text.usb_display_class_sub
                0x000000008080b19c       0xf4 cmd/built-in.o
 .text.usb_display_desc
                0x000000008080b290       0xec cmd/built-in.o
 .text.usb_show_tree_graph
                0x000000008080b37c      0x148 cmd/built-in.o
 .text.usb_show_subtree
                0x000000008080b4c4       0x1c cmd/built-in.o
 .text.usb_for_each_root_dev
                0x000000008080b4e0       0x38 cmd/built-in.o
 .text.usb_display_string
                0x000000008080b518       0x2c cmd/built-in.o
 .text.usb_display_config
                0x000000008080b544      0x198 cmd/built-in.o
 .text.usb_show_info
                0x000000008080b6dc       0x36 cmd/built-in.o
 .text.usb_find_device
                0x000000008080b712       0x62 cmd/built-in.o
 .text.do_usbboot
                0x000000008080b774        0xc cmd/built-in.o
 .text.do_usb_start
                0x000000008080b780       0x20 cmd/built-in.o
 .text.usb_show_tree
                0x000000008080b7a0        0xc cmd/built-in.o
                0x000000008080b7a0                usb_show_tree
 .text.do_usb   0x000000008080b7ac      0x2a8 cmd/built-in.o
 .text.common_diskboot
                0x000000008080ba54      0x1dc cmd/built-in.o
                0x000000008080ba54                common_diskboot
 .text.do_fastboot
                0x000000008080bc30       0x94 cmd/built-in.o
 .text.do_imgextract
                0x000000008080bcc4      0x294 cmd/built-in.o
 .text.do_spl   0x000000008080bf58      0x184 cmd/built-in.o
 .text.do_dfu   0x000000008080c0dc       0x54 cmd/built-in.o
 .text.extract_val
                0x000000008080c130       0x58 cmd/built-in.o
 .text.extract_env
                0x000000008080c188       0xa4 cmd/built-in.o
 .text.set_gpt_info.constprop.1
                0x000000008080c22c      0x344 cmd/built-in.o
 .text.do_gpt   0x000000008080c570      0x210 cmd/built-in.o
 .text.do_env_delete
                0x000000008080c780       0x78 cmd/built-in.o
 .text.do_env_exists
                0x000000008080c7f8       0x40 cmd/built-in.o
 .text.do_env_save
                0x000000008080c838       0x20 cmd/built-in.o
 .text.do_env   0x000000008080c858       0x3c cmd/built-in.o
 .text.env_print
                0x000000008080c894       0x74 cmd/built-in.o
 .text.do_env_print
                0x000000008080c908       0x74 cmd/built-in.o
 .text.do_env_import
                0x000000008080c97c      0x188 cmd/built-in.o
 .text.do_env_default
                0x000000008080cb04       0x7c cmd/built-in.o
 .text._do_env_set.isra.1
                0x000000008080cb80      0x138 cmd/built-in.o
 .text.do_env_set
                0x000000008080ccb8       0x14 cmd/built-in.o
 .text.do_env_ask
                0x000000008080cccc       0xe0 cmd/built-in.o
                0x000000008080cccc                do_env_ask
 .text.get_env_id
                0x000000008080cdac        0xc cmd/built-in.o
                0x000000008080cdac                get_env_id
 .text.env_set  0x000000008080cdb8       0x3c cmd/built-in.o
                0x000000008080cdb8                env_set
 .text.env_set_ulong
                0x000000008080cdf4       0x16 cmd/built-in.o
                0x000000008080cdf4                env_set_ulong
 *fill*         0x000000008080ce0a        0x2 
 .text.env_set_hex
                0x000000008080ce0c       0x20 cmd/built-in.o
                0x000000008080ce0c                env_set_hex
 .text.do_env_export
                0x000000008080ce2c      0x184 cmd/built-in.o
 .text.envmatch
                0x000000008080cfb0       0x46 cmd/built-in.o
                0x000000008080cfb0                envmatch
 *fill*         0x000000008080cff6        0x2 
 .text.env_get_f
                0x000000008080cff8       0x80 cmd/built-in.o
                0x000000008080cff8                env_get_f
 .text.env_get  0x000000008080d078       0x54 cmd/built-in.o
                0x000000008080d078                env_get
 .text.env_get_hex
                0x000000008080d0cc       0x22 cmd/built-in.o
                0x000000008080d0cc                env_get_hex
 .text.env_get_ulong
                0x000000008080d0ee       0x1c cmd/built-in.o
                0x000000008080d0ee                env_get_ulong
 *fill*         0x000000008080d10a        0x2 
 .text.do_env_edit.part.3
                0x000000008080d10c       0x6c cmd/built-in.o
 .text.do_env_edit
                0x000000008080d178       0x1c cmd/built-in.o
 .text.board_init_f_alloc_reserve
                0x000000008080d194        0xa common/built-in.o
                0x000000008080d194                board_init_f_alloc_reserve
 .text.board_init_f_init_reserve
                0x000000008080d19e       0x16 common/built-in.o
                0x000000008080d19e                board_init_f_init_reserve
 .text.show_boot_progress
                0x000000008080d1b4        0x4 common/built-in.o
                0x000000008080d1b4                show_boot_progress
 .text.main_loop
                0x000000008080d1b8       0x48 common/built-in.o
                0x000000008080d1b8                main_loop
 .text.mdelay   0x000000008080d200       0x14 common/built-in.o
 .text.dummy    0x000000008080d214        0x2 common/built-in.o
 .text.get_version
                0x000000008080d216        0x4 common/built-in.o
                0x000000008080d216                get_version
 *fill*         0x000000008080d21a        0x2 
 .text.jumptable_init
                0x000000008080d21c      0x198 common/built-in.o
                0x000000008080d21c                jumptable_init
 .text.hash_finish_crc32
                0x000000008080d3b4       0x1c common/built-in.o
 .text.hash_update_crc32
                0x000000008080d3d0       0x14 common/built-in.o
 .text.hash_init_crc32
                0x000000008080d3e4       0x14 common/built-in.o
 .text.hash_finish_sha256
                0x000000008080d3f8       0x22 common/built-in.o
 .text.hash_update_sha256
                0x000000008080d41a       0x10 common/built-in.o
 .text.hash_init_sha256
                0x000000008080d42a       0x16 common/built-in.o
 .text.hash_finish_sha1
                0x000000008080d440       0x22 common/built-in.o
 .text.hash_update_sha1
                0x000000008080d462       0x10 common/built-in.o
 .text.hash_init_sha1
                0x000000008080d472       0x16 common/built-in.o
 .text.hash_lookup_algo
                0x000000008080d488       0x44 common/built-in.o
                0x000000008080d488                hash_lookup_algo
 .text.hash_command
                0x000000008080d4cc      0x11c common/built-in.o
                0x000000008080d4cc                hash_command
 .text.b_reset  0x000000008080d5e8        0xe common/built-in.o
 .text.static_get
                0x000000008080d5f6       0x12 common/built-in.o
 .text.static_peek
                0x000000008080d608        0x6 common/built-in.o
 .text.file_peek
                0x000000008080d60e        0x6 common/built-in.o
 .text.mapset   0x000000008080d614       0x14 common/built-in.o
 .text.syntax_err
                0x000000008080d628        0xc common/built-in.o
 .text.free_pipe_list
                0x000000008080d634       0x92 common/built-in.o
 *fill*         0x000000008080d6c6        0x2 
 .text.xmalloc  0x000000008080d6c8       0x18 common/built-in.o
 .text.new_pipe
                0x000000008080d6e0       0x16 common/built-in.o
 *fill*         0x000000008080d6f6        0x2 
 .text.xrealloc
                0x000000008080d6f8       0x18 common/built-in.o
 .text.done_command
                0x000000008080d710       0x42 common/built-in.o
 .text.done_pipe
                0x000000008080d752       0x2a common/built-in.o
 .text.done_word
                0x000000008080d77c      0x1d8 common/built-in.o
 .text.do_showvar
                0x000000008080d954       0xa0 common/built-in.o
 .text.is_assignment
                0x000000008080d9f4       0x30 common/built-in.o
 .text.file_get
                0x000000008080da24      0x120 common/built-in.o
 .text.b_addchr
                0x000000008080db44       0x42 common/built-in.o
 *fill*         0x000000008080db86        0x2 
 .text.b_addqchr
                0x000000008080db88       0x30 common/built-in.o
 .text.get_local_var
                0x000000008080dbb8       0x58 common/built-in.o
                0x000000008080dbb8                get_local_var
 .text.set_local_var
                0x000000008080dc10      0x104 common/built-in.o
                0x000000008080dc10                set_local_var
 .text.insert_var_value_sub
                0x000000008080dd14      0x1b0 common/built-in.o
 .text.parse_string_outer
                0x000000008080dec4       0x94 common/built-in.o
                0x000000008080dec4                parse_string_outer
 .text.run_list_real
                0x000000008080df58      0x4f4 common/built-in.o
 .text.parse_stream_outer
                0x000000008080e44c      0x448 common/built-in.o
 .text.parse_file_outer
                0x000000008080e894       0x2c common/built-in.o
                0x000000008080e894                parse_file_outer
 .text.u_boot_hush_start
                0x000000008080e8c0       0x30 common/built-in.o
                0x000000008080e8c0                u_boot_hush_start
 .text.bootdelay_process
                0x000000008080e8f0       0xd4 common/built-in.o
                0x000000008080e8f0                bootdelay_process
 .text.autoboot_command
                0x000000008080e9c4       0xb8 common/built-in.o
                0x000000008080e9c4                autoboot_command
 .text.setup_mon_len
                0x000000008080ea7c       0x18 common/built-in.o
 .text.arch_cpu_init
                0x000000008080ea94        0x4 common/built-in.o
                0x000000008080ea94                arch_cpu_init
 .text.mach_cpu_init
                0x000000008080ea98        0x4 common/built-in.o
                0x000000008080ea98                mach_cpu_init
 .text.reserve_round_4k
                0x000000008080ea9c       0x12 common/built-in.o
 .text.reserve_video
                0x000000008080eaae        0x4 common/built-in.o
 .text.reserve_trace
                0x000000008080eab2        0x4 common/built-in.o
 .text.setup_machine
                0x000000008080eab6        0xe common/built-in.o
 .text.reserve_bootstage
                0x000000008080eac4        0x4 common/built-in.o
 .text.reloc_bootstage
                0x000000008080eac8        0x4 common/built-in.o
 .text.initf_console_record
                0x000000008080eacc        0x4 common/built-in.o
 .text.reserve_arch
                0x000000008080ead0        0x4 common/built-in.o
                0x000000008080ead0                reserve_arch
 .text.init_func_watchdog_reset
                0x000000008080ead4        0xa common/built-in.o
                0x000000008080ead4                init_func_watchdog_reset
 .text.init_func_watchdog_init
                0x000000008080eade        0xa common/built-in.o
 .text.reserve_mmu
                0x000000008080eae8       0x40 common/built-in.o
                0x000000008080eae8                reserve_mmu
 .text.display_new_sp
                0x000000008080eb28       0x14 common/built-in.o
 .text.reserve_fdt
                0x000000008080eb3c       0x3c common/built-in.o
 .text.reserve_global_data
                0x000000008080eb78       0x20 common/built-in.o
 .text.reserve_malloc
                0x000000008080eb98       0x24 common/built-in.o
 .text.reserve_uboot
                0x000000008080ebbc       0x34 common/built-in.o
 .text.display_text_info
                0x000000008080ebf0       0x24 common/built-in.o
 .text.setup_reloc
                0x000000008080ec14       0x4c common/built-in.o
 .text.reloc_fdt
                0x000000008080ec60       0x22 common/built-in.o
 *fill*         0x000000008080ec82        0x2 
 .text.reserve_board
                0x000000008080ec84       0x30 common/built-in.o
 .text.announce_dram_init
                0x000000008080ecb4       0x10 common/built-in.o
 .text.init_baud_rate
                0x000000008080ecc4       0x1c common/built-in.o
 .text.initf_dm
                0x000000008080ece0        0x6 common/built-in.o
 .text.initf_bootstage
                0x000000008080ece6        0xc common/built-in.o
 .text.coloured_LED_init
                0x000000008080ecf2        0x2 common/built-in.o
                0x000000008080ecf2                coloured_LED_init
 .text.red_led_on
                0x000000008080ecf4        0x2 common/built-in.o
                0x000000008080ecf4                red_led_on
 .text.board_add_ram_info
                0x000000008080ecf6        0x2 common/built-in.o
                0x000000008080ecf6                board_add_ram_info
 .text.show_dram_config
                0x000000008080ecf8       0x60 common/built-in.o
 .text.board_get_usable_ram_top
                0x000000008080ed58        0xe common/built-in.o
                0x000000008080ed58                board_get_usable_ram_top
 *fill*         0x000000008080ed66        0x2 
 .text.setup_dest_addr
                0x000000008080ed68       0x50 common/built-in.o
 .text.reserve_stacks
                0x000000008080edb8       0x14 common/built-in.o
 .text.board_init_f
                0x000000008080edcc       0x1c common/built-in.o
                0x000000008080edcc                board_init_f
 .text.bootstage_relocate
                0x000000008080ede8        0x4 common/built-in.o
 .text.initr_trace
                0x000000008080edec        0x4 common/built-in.o
 .text.initr_reloc
                0x000000008080edf0       0x12 common/built-in.o
 .text.initr_barrier
                0x000000008080ee02        0x4 common/built-in.o
 .text.initr_console_record
                0x000000008080ee06        0x4 common/built-in.o
 .text.power_init_board
                0x000000008080ee0a        0x4 common/built-in.o
                0x000000008080ee0a                power_init_board
 .text.run_main_loop
                0x000000008080ee0e        0x8 common/built-in.o
 *fill*         0x000000008080ee16        0x2 
 .text.initr_net
                0x000000008080ee18       0x14 common/built-in.o
 .text.initr_ethaddr
                0x000000008080ee2c       0x18 common/built-in.o
 .text.initr_enable_interrupts
                0x000000008080ee44        0xa common/built-in.o
 .text.initr_jumptable
                0x000000008080ee4e        0xa common/built-in.o
 .text.initr_env
                0x000000008080ee58       0x48 common/built-in.o
 .text.initr_mmc
                0x000000008080eea0       0x18 common/built-in.o
 .text.initr_nand
                0x000000008080eeb8       0x24 common/built-in.o
 .text.initr_announce
                0x000000008080eedc       0x14 common/built-in.o
 .text.initr_serial
                0x000000008080eef0        0xa common/built-in.o
 .text.initr_dm
                0x000000008080eefa       0x10 common/built-in.o
 .text.initr_bootstage
                0x000000008080ef0a        0xc common/built-in.o
 *fill*         0x000000008080ef16        0x2 
 .text.initr_malloc
                0x000000008080ef18       0x34 common/built-in.o
 .text.initr_reloc_global_data
                0x000000008080ef4c       0x28 common/built-in.o
 .text.initr_caches
                0x000000008080ef74        0xa common/built-in.o
 .text.cpu_secondary_init_r
                0x000000008080ef7e        0x2 common/built-in.o
                0x000000008080ef7e                cpu_secondary_init_r
 .text.initr_secondary_cpu
                0x000000008080ef80        0xa common/built-in.o
 *fill*         0x000000008080ef8a        0x2 
 .text.board_init_r
                0x000000008080ef8c       0x10 common/built-in.o
                0x000000008080ef8c                board_init_r
 .text.checkboard
                0x000000008080ef9c        0x4 common/built-in.o
                0x000000008080ef9c                checkboard
 .text.show_board_info
                0x000000008080efa0       0x2c common/built-in.o
                0x000000008080efa0                show_board_info
 .text.bootm_find_images
                0x000000008080efcc       0x88 common/built-in.o
                0x000000008080efcc                bootm_find_images
 .text.bootm_decomp_image
                0x000000008080f054      0x108 common/built-in.o
                0x000000008080f054                bootm_decomp_image
 .text.bootm_disable_interrupts
                0x000000008080f15c       0x10 common/built-in.o
                0x000000008080f15c                bootm_disable_interrupts
 .text.do_bootm_states
                0x000000008080f16c      0x6a0 common/built-in.o
                0x000000008080f16c                do_bootm_states
 .text.copy_args
                0x000000008080f80c       0x36 common/built-in.o
 *fill*         0x000000008080f842        0x2 
 .text.do_bootm_rtems
                0x000000008080f844       0x34 common/built-in.o
 .text.do_bootm_plan9
                0x000000008080f878       0x70 common/built-in.o
 .text.do_bootm_standalone
                0x000000008080f8e8       0x40 common/built-in.o
 .text.do_bootm_qnxelf
                0x000000008080f928       0x54 common/built-in.o
 .text.do_bootm_netbsd
                0x000000008080f97c       0xb0 common/built-in.o
 .text.do_bootvx_fdt
                0x000000008080fa2c       0xcc common/built-in.o
                0x000000008080fa2c                do_bootvx_fdt
 .text.do_bootm_vxworks
                0x000000008080faf8       0x1c common/built-in.o
 .text.arch_preboot_os
                0x000000008080fb14        0x2 common/built-in.o
                0x000000008080fb14                arch_preboot_os
 *fill*         0x000000008080fb16        0x2 
 .text.boot_selected_os
                0x000000008080fb18       0x44 common/built-in.o
                0x000000008080fb18                boot_selected_os
 .text.bootm_os_get_boot_func
                0x000000008080fb5c        0xc common/built-in.o
                0x000000008080fb5c                bootm_os_get_boot_func
 .text.of_bus_default_map
                0x000000008080fb68       0xbc common/built-in.o
 .text.of_dump_addr
                0x000000008080fc24       0x38 common/built-in.o
 .text.fdt_support_default_count_cells
                0x000000008080fc5c       0x34 common/built-in.o
                0x000000008080fc5c                fdt_support_default_count_cells
 .text.of_bus_default_translate
                0x000000008080fc90       0x76 common/built-in.o
 .text.fdt_find_and_setprop
                0x000000008080fd06       0x48 common/built-in.o
                0x000000008080fd06                fdt_find_and_setprop
 *fill*         0x000000008080fd4e        0x2 
 .text.fdt_find_or_add_subnode
                0x000000008080fd50       0x40 common/built-in.o
                0x000000008080fd50                fdt_find_or_add_subnode
 .text.fdt_root
                0x000000008080fd90       0x64 common/built-in.o
                0x000000008080fd90                fdt_root
 .text.fdt_initrd
                0x000000008080fdf4      0x16c common/built-in.o
                0x000000008080fdf4                fdt_initrd
 .text.fdt_chosen
                0x000000008080ff60       0x6c common/built-in.o
                0x000000008080ff60                fdt_chosen
 .text.do_fixup_by_path
                0x000000008080ffcc       0x70 common/built-in.o
                0x000000008080ffcc                do_fixup_by_path
 .text.fdt_fixup_memory_banks
                0x000000008081003c      0x118 common/built-in.o
                0x000000008081003c                fdt_fixup_memory_banks
 .text.fdt_fixup_memory
                0x0000000080810154       0x18 common/built-in.o
                0x0000000080810154                fdt_fixup_memory
 .text.fdt_fixup_ethernet
                0x000000008081016c       0xfc common/built-in.o
                0x000000008081016c                fdt_fixup_ethernet
 .text.fdt_shrink_to_minimum
                0x0000000080810268       0x8e common/built-in.o
                0x0000000080810268                fdt_shrink_to_minimum
 *fill*         0x00000000808102f6        0x2 
 .text.fdt_translate_address
                0x00000000808102f8      0x250 common/built-in.o
                0x00000000808102f8                fdt_translate_address
 .text.miiphy_get_dev_by_name
                0x0000000080810548       0x38 common/built-in.o
                0x0000000080810548                miiphy_get_dev_by_name
 .text.miiphy_init
                0x0000000080810580       0x18 common/built-in.o
                0x0000000080810580                miiphy_init
 .text.mdio_alloc
                0x0000000080810598       0x1c common/built-in.o
                0x0000000080810598                mdio_alloc
 .text.mdio_register
                0x00000000808105b4       0x50 common/built-in.o
                0x00000000808105b4                mdio_register
 .text.mdio_list_devices
                0x0000000080810604       0x60 common/built-in.o
                0x0000000080810604                mdio_list_devices
 .text.miiphy_set_current_dev
                0x0000000080810664       0x28 common/built-in.o
                0x0000000080810664                miiphy_set_current_dev
 .text.miiphy_get_active_dev
                0x000000008081068c       0x30 common/built-in.o
 .text.mdio_get_current_dev
                0x00000000808106bc        0xc common/built-in.o
                0x00000000808106bc                mdio_get_current_dev
 .text.mdio_phydev_for_ethname
                0x00000000808106c8       0x4c common/built-in.o
                0x00000000808106c8                mdio_phydev_for_ethname
 .text.miiphy_get_current_dev
                0x0000000080810714       0x10 common/built-in.o
                0x0000000080810714                miiphy_get_current_dev
 .text.miiphy_read
                0x0000000080810724       0x28 common/built-in.o
                0x0000000080810724                miiphy_read
 .text.miiphy_write
                0x000000008081074c       0x24 common/built-in.o
                0x000000008081074c                miiphy_write
 .text.miiphy_listdev
                0x0000000080810770       0x54 common/built-in.o
                0x0000000080810770                miiphy_listdev
 .text.miiphy_info
                0x00000000808107c4       0x5c common/built-in.o
                0x00000000808107c4                miiphy_info
 .text.miiphy_is_1000base_x
                0x0000000080810820       0x30 common/built-in.o
                0x0000000080810820                miiphy_is_1000base_x
 .text.miiphy_speed
                0x0000000080810850       0xc0 common/built-in.o
                0x0000000080810850                miiphy_speed
 .text.miiphy_duplex
                0x0000000080810910       0xd4 common/built-in.o
                0x0000000080810910                miiphy_duplex
 .text.usb_set_maxpacket_ep
                0x00000000808109e4       0x6c common/built-in.o
 .text.usb_control_msg
                0x0000000080810a50       0x90 common/built-in.o
                0x0000000080810a50                usb_control_msg
 .text.usb_get_descriptor
                0x0000000080810ae0       0x38 common/built-in.o
 .text.get_descriptor_len
                0x0000000080810b18       0x60 common/built-in.o
 .text.usb_get_string
                0x0000000080810b78       0x4c common/built-in.o
 .text.usb_string_sub
                0x0000000080810bc4       0x94 common/built-in.o
 .text.usb_bulk_msg
                0x0000000080810c58       0x52 common/built-in.o
                0x0000000080810c58                usb_bulk_msg
 .text.usb_maxpacket
                0x0000000080810caa       0x1a common/built-in.o
                0x0000000080810caa                usb_maxpacket
 .text.usb_clear_halt
                0x0000000080810cc4       0x5e common/built-in.o
                0x0000000080810cc4                usb_clear_halt
 *fill*         0x0000000080810d22        0x2 
 .text.usb_get_configuration_len
                0x0000000080810d24       0x50 common/built-in.o
                0x0000000080810d24                usb_get_configuration_len
 .text.usb_get_configuration_no
                0x0000000080810d74       0x38 common/built-in.o
                0x0000000080810d74                usb_get_configuration_no
 .text.usb_set_interface
                0x0000000080810dac       0x74 common/built-in.o
                0x0000000080810dac                usb_set_interface
 .text.usb_string
                0x0000000080810e20       0xcc common/built-in.o
                0x0000000080810e20                usb_string
 .text.usb_select_config
                0x0000000080810eec      0x3a0 common/built-in.o
                0x0000000080810eec                usb_select_config
 .text.usb_setup_device
                0x000000008081128c      0x110 common/built-in.o
                0x000000008081128c                usb_setup_device
 .text.board_usb_init
                0x000000008081139c        0x4 common/built-in.o
                0x000000008081139c                board_usb_init
 .text.board_usb_cleanup
                0x00000000808113a0        0x4 common/built-in.o
                0x00000000808113a0                board_usb_cleanup
 .text.usb_device_has_child_on_port
                0x00000000808113a4        0x4 common/built-in.o
                0x00000000808113a4                usb_device_has_child_on_port
 .text.usb_find_usb2_hub_address_port
                0x00000000808113a8       0x4c common/built-in.o
                0x00000000808113a8                usb_find_usb2_hub_address_port
 .text.usb_set_port_feature
                0x00000000808113f4       0x2e common/built-in.o
 .text.usb_clear_port_feature
                0x0000000080811422       0x2e common/built-in.o
 .text.usb_get_hub_descriptor
                0x0000000080811450       0x42 common/built-in.o
 .text.usb_hub_reset_devices
                0x0000000080811492        0x2 common/built-in.o
                0x0000000080811492                usb_hub_reset_devices
 .text.usb_hub_is_root_hub
                0x0000000080811494       0x10 common/built-in.o
                0x0000000080811494                usb_hub_is_root_hub
 .text.usb_get_port_status
                0x00000000808114a4       0x70 common/built-in.o
                0x00000000808114a4                usb_get_port_status
 .text.usb_hub_port_connect_change
                0x0000000080811514      0x1f0 common/built-in.o
                0x0000000080811514                usb_hub_port_connect_change
 .text.usb_hub_configure
                0x0000000080811704      0x61c common/built-in.o
 .text.usb_hub_scan
                0x0000000080811d20        0xe common/built-in.o
                0x0000000080811d20                usb_hub_scan
 *fill*         0x0000000080811d2e        0x2 
 .text.usb_hub_post_probe
                0x0000000080811d30       0x20 common/built-in.o
 .text.usb_stor_irq
                0x0000000080811d50       0x10 common/built-in.o
 .text.usb_stor_BBB_reset
                0x0000000080811d60      0x108 common/built-in.o
 .text.usb_stor_CB_reset
                0x0000000080811e68       0xc0 common/built-in.o
 .text.usb_stor_BBB_clear_endpt_stall.isra.0
                0x0000000080811f28       0x2c common/built-in.o
 .text.usb_stor_BBB_transport
                0x0000000080811f54      0x288 common/built-in.o
 .text.usb_stor_CB_comdat
                0x00000000808121dc      0x2f8 common/built-in.o
 .text.usb_stor_CBI_get_status.isra.2
                0x00000000808124d4       0x9c common/built-in.o
 .text.usb_stor_CB_transport
                0x0000000080812570      0x1cc common/built-in.o
 .text.usb_request_sense.constprop.9
                0x000000008081273c       0x60 common/built-in.o
 .text.usb_stor_write
                0x000000008081279c      0x188 common/built-in.o
 .text.usb_stor_read
                0x0000000080812924      0x188 common/built-in.o
 .text.usb_stor_info
                0x0000000080812aac       0x4c common/built-in.o
                0x0000000080812aac                usb_stor_info
 .text.usb_stor_reset
                0x0000000080812af8        0xc common/built-in.o
                0x0000000080812af8                usb_stor_reset
 .text.usb_stor_scan
                0x0000000080812b04       0x30 common/built-in.o
                0x0000000080812b04                usb_stor_scan
 .text.usb_storage_probe
                0x0000000080812b34      0x18c common/built-in.o
                0x0000000080812b34                usb_storage_probe
 .text.usb_stor_get_info
                0x0000000080812cc0      0x284 common/built-in.o
                0x0000000080812cc0                usb_stor_get_info
 .text.usb_mass_storage_probe
                0x0000000080812f44      0x174 common/built-in.o
 .text.menu_display_statusline
                0x00000000808130b8        0x2 common/built-in.o
                0x00000000808130b8                menu_display_statusline
 .text.menu_default_set
                0x00000000808130ba       0x4a common/built-in.o
                0x00000000808130ba                menu_default_set
 .text.menu_get_choice
                0x0000000080813104      0x11c common/built-in.o
                0x0000000080813104                menu_get_choice
 .text.menu_item_add
                0x0000000080813220       0x8a common/built-in.o
                0x0000000080813220                menu_item_add
 .text.menu_create
                0x00000000808132aa       0x54 common/built-in.o
                0x00000000808132aa                menu_create
 .text.menu_destroy
                0x00000000808132fe       0x44 common/built-in.o
                0x00000000808132fe                menu_destroy
 *fill*         0x0000000080813342        0x2 
 .text.delete_char.part.0
                0x0000000080813344       0x7c common/built-in.o
 .text.cread_add_char
                0x00000000808133c0       0x80 common/built-in.o
 .text.cli_readline_into_buffer
                0x0000000080813440      0x670 common/built-in.o
                0x0000000080813440                cli_readline_into_buffer
 .text.cli_readline
                0x0000000080813ab0       0x10 common/built-in.o
                0x0000000080813ab0                cli_readline
 .text.cli_simple_process_macros
                0x0000000080813ac0      0x112 common/built-in.o
                0x0000000080813ac0                cli_simple_process_macros
 *fill*         0x0000000080813bd2        0x2 
 .text.console_setfile
                0x0000000080813bd4       0x70 common/built-in.o
 .text.fgetc    0x0000000080813c44       0x1c common/built-in.o
                0x0000000080813c44                fgetc
 .text.getc     0x0000000080813c60       0x18 common/built-in.o
                0x0000000080813c60                getc
 .text.ftstc    0x0000000080813c78       0x1c common/built-in.o
                0x0000000080813c78                ftstc
 .text.tstc     0x0000000080813c94       0x18 common/built-in.o
                0x0000000080813c94                tstc
 .text.fputc    0x0000000080813cac       0x18 common/built-in.o
                0x0000000080813cac                fputc
 .text.putc     0x0000000080813cc4       0x1a common/built-in.o
                0x0000000080813cc4                putc
 .text.puts     0x0000000080813cde       0x12 common/built-in.o
                0x0000000080813cde                puts
 .text.fputs    0x0000000080813cf0       0x18 common/built-in.o
                0x0000000080813cf0                fputs
 .text.fprintf  0x0000000080813d08       0x36 common/built-in.o
                0x0000000080813d08                fprintf
 *fill*         0x0000000080813d3e        0x2 
 .text.ctrlc    0x0000000080813d40       0x34 common/built-in.o
                0x0000000080813d40                ctrlc
 .text.confirm_yesno
                0x0000000080813d74       0x88 common/built-in.o
                0x0000000080813d74                confirm_yesno
 .text.disable_ctrlc
                0x0000000080813dfc       0x10 common/built-in.o
                0x0000000080813dfc                disable_ctrlc
 .text.had_ctrlc
                0x0000000080813e0c        0xc common/built-in.o
                0x0000000080813e0c                had_ctrlc
 .text.clear_ctrlc
                0x0000000080813e18        0xc common/built-in.o
                0x0000000080813e18                clear_ctrlc
 .text.search_device
                0x0000000080813e24       0x16 common/built-in.o
                0x0000000080813e24                search_device
 .text.console_assign
                0x0000000080813e3a       0x2a common/built-in.o
                0x0000000080813e3a                console_assign
 .text.on_console
                0x0000000080813e64       0x70 common/built-in.o
 .text.console_init_f
                0x0000000080813ed4        0xa common/built-in.o
                0x0000000080813ed4                console_init_f
 *fill*         0x0000000080813ede        0x2 
 .text.console_init_r
                0x0000000080813ee0       0x84 common/built-in.o
                0x0000000080813ee0                console_init_r
 .text.do_check_chunk
                0x0000000080813f64       0x90 common/built-in.o
 .text.do_check_free_chunk
                0x0000000080813ff4      0x114 common/built-in.o
 .text.do_check_inuse_chunk
                0x0000000080814108       0xc4 common/built-in.o
 .text.do_check_malloced_chunk
                0x00000000808141cc       0xa8 common/built-in.o
 .text.sbrk     0x0000000080814274       0x44 common/built-in.o
                0x0000000080814274                sbrk
 .text.mem_malloc_init
                0x00000000808142b8       0x3c common/built-in.o
                0x00000000808142b8                mem_malloc_init
 .text.malloc_trim
                0x00000000808142f4       0x90 common/built-in.o
                0x00000000808142f4                malloc_trim
 .text.free     0x0000000080814384      0x160 common/built-in.o
                0x0000000080814384                free
 .text.malloc   0x00000000808144e4      0x424 common/built-in.o
                0x00000000808144e4                malloc
 .text.calloc   0x0000000080814908       0xbc common/built-in.o
                0x0000000080814908                calloc
 .text.realloc  0x00000000808149c4      0x2e8 common/built-in.o
                0x00000000808149c4                realloc
 .text.memalign
                0x0000000080814cac      0x13c common/built-in.o
                0x0000000080814cac                memalign
 .text.initf_malloc
                0x0000000080814de8       0x38 common/built-in.o
                0x0000000080814de8                initf_malloc
 .text.malloc_simple
                0x0000000080814e20       0x64 common/built-in.o
                0x0000000080814e20                malloc_simple
 .text.on_loadaddr
                0x0000000080814e84       0x20 common/built-in.o
 .text.image_check_hcrc
                0x0000000080814ea4       0x2a common/built-in.o
                0x0000000080814ea4                image_check_hcrc
 .text.image_check_dcrc
                0x0000000080814ece       0x22 common/built-in.o
                0x0000000080814ece                image_check_dcrc
 .text.image_multi_count
                0x0000000080814ef0       0x12 common/built-in.o
                0x0000000080814ef0                image_multi_count
 .text.image_multi_getimg
                0x0000000080814f02       0x4c common/built-in.o
                0x0000000080814f02                image_multi_getimg
 *fill*         0x0000000080814f4e        0x2 
 .text.env_get_bootm_low
                0x0000000080814f50       0x20 common/built-in.o
                0x0000000080814f50                env_get_bootm_low
 .text.env_get_bootm_size
                0x0000000080814f70       0x44 common/built-in.o
                0x0000000080814f70                env_get_bootm_size
 .text.env_get_bootm_mapsize
                0x0000000080814fb4       0x20 common/built-in.o
                0x0000000080814fb4                env_get_bootm_mapsize
 .text.memmove_wd
                0x0000000080814fd4       0x4a common/built-in.o
                0x0000000080814fd4                memmove_wd
 *fill*         0x000000008081501e        0x2 
 .text.genimg_print_size
                0x0000000080815020       0x24 common/built-in.o
                0x0000000080815020                genimg_print_size
 .text.genimg_print_time
                0x0000000080815044       0x2c common/built-in.o
                0x0000000080815044                genimg_print_time
 .text.get_table_entry
                0x0000000080815070       0x12 common/built-in.o
                0x0000000080815070                get_table_entry
 .text.get_table_entry_name
                0x0000000080815082       0x14 common/built-in.o
                0x0000000080815082                get_table_entry_name
 *fill*         0x0000000080815096        0x2 
 .text.genimg_get_os_name
                0x0000000080815098       0x14 common/built-in.o
                0x0000000080815098                genimg_get_os_name
 .text.genimg_get_arch_name
                0x00000000808150ac       0x14 common/built-in.o
                0x00000000808150ac                genimg_get_arch_name
 .text.genimg_get_type_name
                0x00000000808150c0       0x14 common/built-in.o
                0x00000000808150c0                genimg_get_type_name
 .text.genimg_get_comp_name
                0x00000000808150d4       0x14 common/built-in.o
                0x00000000808150d4                genimg_get_comp_name
 .text.image_print_contents
                0x00000000808150e8      0x11c common/built-in.o
                0x00000000808150e8                image_print_contents
 .text.get_table_entry_id
                0x0000000080815204       0x40 common/built-in.o
                0x0000000080815204                get_table_entry_id
 .text.genimg_get_os_id
                0x0000000080815244       0x14 common/built-in.o
                0x0000000080815244                genimg_get_os_id
 .text.genimg_get_arch_id
                0x0000000080815258       0x14 common/built-in.o
                0x0000000080815258                genimg_get_arch_id
 .text.genimg_get_type_id
                0x000000008081526c       0x14 common/built-in.o
                0x000000008081526c                genimg_get_type_id
 .text.genimg_get_comp_id
                0x0000000080815280       0x14 common/built-in.o
                0x0000000080815280                genimg_get_comp_id
 .text.genimg_get_kernel_addr_fit
                0x0000000080815294       0x6c common/built-in.o
                0x0000000080815294                genimg_get_kernel_addr_fit
 .text.genimg_get_kernel_addr
                0x0000000080815300       0x16 common/built-in.o
                0x0000000080815300                genimg_get_kernel_addr
 *fill*         0x0000000080815316        0x2 
 .text.genimg_get_format
                0x0000000080815318       0x30 common/built-in.o
                0x0000000080815318                genimg_get_format
 .text.genimg_get_image
                0x0000000080815348        0x2 common/built-in.o
                0x0000000080815348                genimg_get_image
 .text.genimg_has_config
                0x000000008081534a        0xa common/built-in.o
                0x000000008081534a                genimg_has_config
 .text.boot_get_ramdisk
                0x0000000080815354      0x2b4 common/built-in.o
                0x0000000080815354                boot_get_ramdisk
 .text.boot_ramdisk_high
                0x0000000080815608       0xf8 common/built-in.o
                0x0000000080815608                boot_ramdisk_high
 .text.boot_get_setup
                0x0000000080815700        0x4 common/built-in.o
                0x0000000080815700                boot_get_setup
 .text.boot_get_loadable
                0x0000000080815704       0xf0 common/built-in.o
                0x0000000080815704                boot_get_loadable
 .text.image_setup_linux
                0x00000000808157f4       0x42 common/built-in.o
                0x00000000808157f4                image_setup_linux
 *fill*         0x0000000080815836        0x2 
 .text.android_image_get_kernel
                0x0000000080815838      0x15c common/built-in.o
                0x0000000080815838                android_image_get_kernel
 .text.android_image_check_header
                0x0000000080815994       0x10 common/built-in.o
                0x0000000080815994                android_image_check_header
 .text.android_image_get_end
                0x00000000808159a4       0x78 common/built-in.o
                0x00000000808159a4                android_image_get_end
 .text.android_image_get_kload
                0x0000000080815a1c       0x44 common/built-in.o
                0x0000000080815a1c                android_image_get_kload
 .text.android_image_get_ramdisk
                0x0000000080815a60       0xa4 common/built-in.o
                0x0000000080815a60                android_image_get_ramdisk
 .text.android_print_contents
                0x0000000080815b04      0x1a8 common/built-in.o
                0x0000000080815b04                android_print_contents
 .text.fdt_error
                0x0000000080815cac       0x24 common/built-in.o
 .text.boot_fdt_add_mem_rsv_regions
                0x0000000080815cd0       0x54 common/built-in.o
                0x0000000080815cd0                boot_fdt_add_mem_rsv_regions
 .text.boot_relocate_fdt
                0x0000000080815d24      0x120 common/built-in.o
                0x0000000080815d24                boot_relocate_fdt
 .text.boot_get_fdt
                0x0000000080815e44      0x2d0 common/built-in.o
                0x0000000080815e44                boot_get_fdt
 .text.ft_verify_fdt
                0x0000000080816114        0x4 common/built-in.o
                0x0000000080816114                ft_verify_fdt
 .text.image_setup_libfdt
                0x0000000080816118       0xb0 common/built-in.o
                0x0000000080816118                image_setup_libfdt
 .text.fit_get_debug
                0x00000000808161c8       0x38 common/built-in.o
 .text.fit_image_get_address
                0x0000000080816200       0x60 common/built-in.o
 .text.fit_parse_conf
                0x0000000080816260       0x3e common/built-in.o
                0x0000000080816260                fit_parse_conf
 .text.fit_parse_subimage
                0x000000008081629e       0x3e common/built-in.o
                0x000000008081629e                fit_parse_subimage
 .text.fit_get_desc
                0x00000000808162dc       0x30 common/built-in.o
                0x00000000808162dc                fit_get_desc
 .text.fit_get_timestamp
                0x000000008081630c       0x4c common/built-in.o
                0x000000008081630c                fit_get_timestamp
 .text.fit_image_get_node
                0x0000000080816358       0x48 common/built-in.o
                0x0000000080816358                fit_image_get_node
 .text.fit_image_get_os
                0x00000000808163a0       0x38 common/built-in.o
                0x00000000808163a0                fit_image_get_os
 .text.fit_image_get_arch
                0x00000000808163d8       0x38 common/built-in.o
                0x00000000808163d8                fit_image_get_arch
 .text.fit_image_get_type
                0x0000000080816410       0x38 common/built-in.o
                0x0000000080816410                fit_image_get_type
 .text.fit_image_get_comp
                0x0000000080816448       0x38 common/built-in.o
                0x0000000080816448                fit_image_get_comp
 .text.fit_image_get_load
                0x0000000080816480        0xc common/built-in.o
                0x0000000080816480                fit_image_get_load
 .text.fit_image_get_entry
                0x000000008081648c        0xc common/built-in.o
                0x000000008081648c                fit_image_get_entry
 .text.fit_image_get_data
                0x0000000080816498       0x40 common/built-in.o
                0x0000000080816498                fit_image_get_data
 .text.fit_image_hash_get_algo
                0x00000000808164d8       0x30 common/built-in.o
                0x00000000808164d8                fit_image_hash_get_algo
 .text.fit_image_hash_get_value
                0x0000000080816508       0x40 common/built-in.o
                0x0000000080816508                fit_image_hash_get_value
 .text.fit_image_print_data
                0x0000000080816548      0x134 common/built-in.o
 .text.fit_image_print
                0x000000008081667c      0x23c common/built-in.o
                0x000000008081667c                fit_image_print
 .text.fit_get_end
                0x00000000808168b8        0x8 common/built-in.o
                0x00000000808168b8                fit_get_end
 .text.calculate_hash
                0x00000000808168c0       0xb0 common/built-in.o
                0x00000000808168c0                calculate_hash
 .text.fit_image_verify
                0x0000000080816970      0x150 common/built-in.o
                0x0000000080816970                fit_image_verify
 .text.fit_all_image_verify
                0x0000000080816ac0       0x8c common/built-in.o
                0x0000000080816ac0                fit_all_image_verify
 .text.fit_image_check_os
                0x0000000080816b4c       0x20 common/built-in.o
                0x0000000080816b4c                fit_image_check_os
 .text.fit_image_check_arch
                0x0000000080816b6c       0x2c common/built-in.o
                0x0000000080816b6c                fit_image_check_arch
 .text.fit_image_check_type
                0x0000000080816b98       0x20 common/built-in.o
                0x0000000080816b98                fit_image_check_type
 .text.fit_image_check_comp
                0x0000000080816bb8       0x20 common/built-in.o
                0x0000000080816bb8                fit_image_check_comp
 .text.fit_check_format
                0x0000000080816bd8       0x58 common/built-in.o
                0x0000000080816bd8                fit_check_format
 .text.fit_conf_get_node
                0x0000000080816c30       0x88 common/built-in.o
                0x0000000080816c30                fit_conf_get_node
 .text.fit_conf_get_prop_node
                0x0000000080816cb8       0x1c common/built-in.o
                0x0000000080816cb8                fit_conf_get_prop_node
 .text.fit_conf_print
                0x0000000080816cd4      0x10c common/built-in.o
                0x0000000080816cd4                fit_conf_print
 .text.fit_print_contents
                0x0000000080816de0      0x170 common/built-in.o
                0x0000000080816de0                fit_print_contents
 .text.fit_get_node_from_config
                0x0000000080816f50       0x54 common/built-in.o
                0x0000000080816f50                fit_get_node_from_config
 .text.fit_image_load
                0x0000000080816fa4      0x394 common/built-in.o
                0x0000000080816fa4                fit_image_load
 .text.boot_get_setup_fit
                0x0000000080817338       0x40 common/built-in.o
                0x0000000080817338                boot_get_setup_fit
 .text.get_ram_size
                0x0000000080817378       0x96 common/built-in.o
                0x0000000080817378                get_ram_size
 .text.get_effective_memsize
                0x000000008081740e        0x6 common/built-in.o
                0x000000008081740e                get_effective_memsize
 .text.stdio_serial_tstc
                0x0000000080817414        0x4 common/built-in.o
 .text.stdio_serial_getc
                0x0000000080817418        0x4 common/built-in.o
 .text.stdio_serial_puts
                0x000000008081741c        0x6 common/built-in.o
 .text.stdio_serial_putc
                0x0000000080817422        0x6 common/built-in.o
 .text.stdio_get_list
                0x0000000080817428        0x8 common/built-in.o
                0x0000000080817428                stdio_get_list
 .text.stdio_get_by_name
                0x0000000080817430       0x34 common/built-in.o
                0x0000000080817430                stdio_get_by_name
 .text.stdio_clone
                0x0000000080817464       0x22 common/built-in.o
                0x0000000080817464                stdio_clone
 *fill*         0x0000000080817486        0x2 
 .text.stdio_register_dev
                0x0000000080817488       0x30 common/built-in.o
                0x0000000080817488                stdio_register_dev
 .text.stdio_register
                0x00000000808174b8        0x6 common/built-in.o
                0x00000000808174b8                stdio_register
 *fill*         0x00000000808174be        0x2 
 .text.stdio_init_tables
                0x00000000808174c0       0x14 common/built-in.o
                0x00000000808174c0                stdio_init_tables
 .text.stdio_add_devices
                0x00000000808174d4       0x50 common/built-in.o
                0x00000000808174d4                stdio_add_devices
 .text.run_command
                0x0000000080817524        0xe common/built-in.o
                0x0000000080817524                run_command
 .text.run_command_list
                0x0000000080817532       0x46 common/built-in.o
                0x0000000080817532                run_command_list
 .text.do_run   0x0000000080817578       0x4c common/built-in.o
                0x0000000080817578                do_run
 .text.cli_process_fdt
                0x00000000808175c4       0x30 common/built-in.o
                0x00000000808175c4                cli_process_fdt
 .text.cli_secure_boot_cmd
                0x00000000808175f4       0x4c common/built-in.o
                0x00000000808175f4                cli_secure_boot_cmd
 .text.cli_loop
                0x0000000080817640        0x8 common/built-in.o
                0x0000000080817640                cli_loop
 .text.cli_init
                0x0000000080817648        0x4 common/built-in.o
                0x0000000080817648                cli_init
 .text.run_usb_dnl_gadget
                0x000000008081764c       0xe0 common/built-in.o
                0x000000008081764c                run_usb_dnl_gadget
 .text.find_cmd_tbl
                0x000000008081772c       0x62 common/built-in.o
                0x000000008081772c                find_cmd_tbl
 *fill*         0x000000008081778e        0x2 
 .text.find_cmd
                0x0000000080817790       0x1c common/built-in.o
                0x0000000080817790                find_cmd
 .text.cmd_usage
                0x00000000808177ac       0x3c common/built-in.o
                0x00000000808177ac                cmd_usage
 .text._do_help
                0x00000000808177e8      0x10c common/built-in.o
                0x00000000808177e8                _do_help
 .text.var_complete
                0x00000000808178f4       0x40 common/built-in.o
                0x00000000808178f4                var_complete
 .text.cmd_auto_complete
                0x0000000080817934      0x304 common/built-in.o
                0x0000000080817934                cmd_auto_complete
 .text.cmd_get_data_size
                0x0000000080817c38       0x38 common/built-in.o
                0x0000000080817c38                cmd_get_data_size
 .text.cmd_process
                0x0000000080817c70       0xa4 common/built-in.o
                0x0000000080817c70                cmd_process
 .text.cmd_process_error
                0x0000000080817d14       0x1c common/built-in.o
                0x0000000080817d14                cmd_process_error
 .text.hex1_bin
                0x0000000080817d30       0x2a common/built-in.o
 .text.hex2_bin
                0x0000000080817d5a       0x24 common/built-in.o
 .text.srec_decode
                0x0000000080817d7e      0x170 common/built-in.o
                0x0000000080817d7e                srec_decode
 *fill*         0x0000000080817eee        0x2 
 .text.zm_save  0x0000000080817ef0       0x10 common/built-in.o
 .text.zm_dprintf
                0x0000000080817f00       0x28 common/built-in.o
 .text.zm_dump  0x0000000080817f28        0xc common/built-in.o
 .text.CYGACC_COMM_IF_GETC_TIMEOUT.isra.1
                0x0000000080817f34       0x2e common/built-in.o
 .text.xyzModem_flush
                0x0000000080817f62       0x14 common/built-in.o
 *fill*         0x0000000080817f76        0x2 
 .text.xyzModem_get_hdr
                0x0000000080817f78      0x224 common/built-in.o
 .text.xyzModem_stream_open
                0x000000008081819c      0x1a0 common/built-in.o
                0x000000008081819c                xyzModem_stream_open
 .text.xyzModem_stream_read
                0x000000008081833c      0x208 common/built-in.o
                0x000000008081833c                xyzModem_stream_read
 .text.xyzModem_stream_close
                0x0000000080818544       0x50 common/built-in.o
                0x0000000080818544                xyzModem_stream_close
 .text.xyzModem_stream_terminate
                0x0000000080818594       0x9c common/built-in.o
                0x0000000080818594                xyzModem_stream_terminate
 .text.xyzModem_error
                0x0000000080818630       0x18 common/built-in.o
                0x0000000080818630                xyzModem_error
 .text.get_dev_hwpart
                0x0000000080818648       0x44 disk/built-in.o
 .text.blk_get_dev
                0x000000008081868c        0x6 disk/built-in.o
                0x000000008081868c                blk_get_dev
 *fill*         0x0000000080818692        0x2 
 .text.dev_print
                0x0000000080818694      0x154 disk/built-in.o
                0x0000000080818694                dev_print
 .text.part_init
                0x00000000808187e8       0x4c disk/built-in.o
                0x00000000808187e8                part_init
 .text.part_print
                0x0000000080818834       0xc8 disk/built-in.o
                0x0000000080818834                part_print
 .text.part_get_info
                0x00000000808188fc       0x58 disk/built-in.o
                0x00000000808188fc                part_get_info
 .text.blk_get_device_by_str
                0x0000000080818954       0xb8 disk/built-in.o
                0x0000000080818954                blk_get_device_by_str
 .text.blk_get_device_part_str
                0x0000000080818a0c      0x260 disk/built-in.o
                0x0000000080818a0c                blk_get_device_part_str
 .text.part_set_generic_name
                0x0000000080818c6c       0x34 disk/built-in.o
                0x0000000080818c6c                part_set_generic_name
 .text.test_block_type
                0x0000000080818ca0       0x58 disk/built-in.o
 .text.print_partition_extended
                0x0000000080818cf8      0x198 disk/built-in.o
 .text.part_print_dos
                0x0000000080818e90       0x20 disk/built-in.o
                0x0000000080818e90                part_print_dos
 .text.part_test_dos
                0x0000000080818eb0       0x40 disk/built-in.o
 .text.part_get_info_extended
                0x0000000080818ef0      0x1e8 disk/built-in.o
 .text.part_get_info_dos
                0x00000000808190d8       0x18 disk/built-in.o
                0x00000000808190d8                part_get_info_dos
 .text.iso_dread
                0x00000000808190f0       0x22 disk/built-in.o
                0x00000000808190f0                iso_dread
 *fill*         0x0000000080819112        0x2 
 .text.part_get_info_iso_verb
                0x0000000080819114      0x258 disk/built-in.o
                0x0000000080819114                part_get_info_iso_verb
 .text.part_test_iso
                0x000000008081936c       0x14 disk/built-in.o
 .text.part_print_iso
                0x0000000080819380       0x5c disk/built-in.o
 .text.part_get_info_iso
                0x00000000808193dc        0x6 disk/built-in.o
 *fill*         0x00000000808193e2        0x2 
 .text.print_efiname
                0x00000000808193e4       0x34 disk/built-in.o
 .text.part_test_efi
                0x0000000080819418       0x82 disk/built-in.o
 *fill*         0x000000008081949a        0x2 
 .text.set_protective_mbr
                0x000000008081949c       0xa8 disk/built-in.o
 .text.validate_gpt_entries
                0x0000000080819544       0x80 disk/built-in.o
 *fill*         0x00000000808195c4        0x4 
 .text.validate_gpt_header
                0x00000000808195c8      0x1d0 disk/built-in.o
 .text.is_gpt_valid
                0x0000000080819798      0x154 disk/built-in.o
 .text.is_pte_valid
                0x00000000808198ec       0x4c disk/built-in.o
 .text.part_print_efi
                0x0000000080819938      0x200 disk/built-in.o
                0x0000000080819938                part_print_efi
 .text.part_get_info_efi
                0x0000000080819b38      0x19c disk/built-in.o
                0x0000000080819b38                part_get_info_efi
 .text.get_disk_guid
                0x0000000080819cd4       0xa4 disk/built-in.o
                0x0000000080819cd4                get_disk_guid
 .text.write_gpt_table
                0x0000000080819d78      0x2f0 disk/built-in.o
                0x0000000080819d78                write_gpt_table
 .text.gpt_fill_pte
                0x000000008081a068      0x2b8 disk/built-in.o
                0x000000008081a068                gpt_fill_pte
 .text.gpt_fill_header
                0x000000008081a320      0x1b8 disk/built-in.o
                0x000000008081a320                gpt_fill_header
 .text.gpt_restore
                0x000000008081a4d8       0xa8 disk/built-in.o
                0x000000008081a4d8                gpt_restore
 .text.gpt_verify_headers
                0x000000008081a580       0x50 disk/built-in.o
                0x000000008081a580                gpt_verify_headers
 .text.gpt_verify_partitions
                0x000000008081a5d0      0x28c disk/built-in.o
                0x000000008081a5d0                gpt_verify_partitions
 .text.device_bind_common.isra.4
                0x000000008081a85c      0x210 drivers/built-in.o
 .text.alloc_priv
                0x000000008081aa6c       0x36 drivers/built-in.o
 .text.device_bind_with_driver_data
                0x000000008081aaa2       0x18 drivers/built-in.o
                0x000000008081aaa2                device_bind_with_driver_data
 .text.device_bind
                0x000000008081aaba       0x16 drivers/built-in.o
                0x000000008081aaba                device_bind
 .text.device_bind_by_name
                0x000000008081aad0       0x44 drivers/built-in.o
                0x000000008081aad0                device_bind_by_name
 .text.device_probe
                0x000000008081ab14      0x14c drivers/built-in.o
                0x000000008081ab14                device_probe
 .text.dev_get_platdata
                0x000000008081ac60       0x20 drivers/built-in.o
                0x000000008081ac60                dev_get_platdata
 .text.dev_get_parent_platdata
                0x000000008081ac80       0x20 drivers/built-in.o
                0x000000008081ac80                dev_get_parent_platdata
 .text.dev_get_uclass_platdata
                0x000000008081aca0       0x20 drivers/built-in.o
                0x000000008081aca0                dev_get_uclass_platdata
 .text.dev_get_priv
                0x000000008081acc0       0x20 drivers/built-in.o
                0x000000008081acc0                dev_get_priv
 .text.dev_get_uclass_priv
                0x000000008081ace0       0x20 drivers/built-in.o
                0x000000008081ace0                dev_get_uclass_priv
 .text.dev_get_parent_priv
                0x000000008081ad00       0x20 drivers/built-in.o
                0x000000008081ad00                dev_get_parent_priv
 .text.device_find_first_child
                0x000000008081ad20       0x14 drivers/built-in.o
                0x000000008081ad20                device_find_first_child
 .text.device_find_next_child
                0x000000008081ad34       0x16 drivers/built-in.o
                0x000000008081ad34                device_find_next_child
 .text.dev_get_parent
                0x000000008081ad4a        0x4 drivers/built-in.o
                0x000000008081ad4a                dev_get_parent
 .text.dev_get_driver_data
                0x000000008081ad4e        0x4 drivers/built-in.o
                0x000000008081ad4e                dev_get_driver_data
 .text.device_get_uclass_id
                0x000000008081ad52        0x8 drivers/built-in.o
                0x000000008081ad52                device_get_uclass_id
 .text.device_has_active_children
                0x000000008081ad5a       0x22 drivers/built-in.o
                0x000000008081ad5a                device_has_active_children
 .text.device_is_last_sibling
                0x000000008081ad7c       0x14 drivers/built-in.o
                0x000000008081ad7c                device_is_last_sibling
 .text.device_is_compatible
                0x000000008081ad90       0x1a drivers/built-in.o
                0x000000008081ad90                device_is_compatible
 .text.of_machine_is_compatible
                0x000000008081adaa       0x18 drivers/built-in.o
                0x000000008081adaa                of_machine_is_compatible
 *fill*         0x000000008081adc2        0x2 
 .text.devfdt_get_addr_index
                0x000000008081adc4       0x88 drivers/built-in.o
                0x000000008081adc4                devfdt_get_addr_index
 .text.devfdt_get_addr
                0x000000008081ae4c        0x6 drivers/built-in.o
                0x000000008081ae4c                devfdt_get_addr
 *fill*         0x000000008081ae52        0x2 
 .text.lists_driver_lookup_name
                0x000000008081ae54       0x34 drivers/built-in.o
                0x000000008081ae54                lists_driver_lookup_name
 .text.lists_uclass_lookup
                0x000000008081ae88       0x2c drivers/built-in.o
                0x000000008081ae88                lists_uclass_lookup
 .text.lists_bind_drivers
                0x000000008081aeb4       0x60 drivers/built-in.o
                0x000000008081aeb4                lists_bind_drivers
 .text.device_bind_driver_to_node
                0x000000008081af14       0x3c drivers/built-in.o
                0x000000008081af14                device_bind_driver_to_node
 .text.device_bind_driver
                0x000000008081af50       0x12 drivers/built-in.o
                0x000000008081af50                device_bind_driver
 *fill*         0x000000008081af62        0x2 
 .text.lists_bind_fdt
                0x000000008081af64      0x15c drivers/built-in.o
                0x000000008081af64                lists_bind_fdt
 .text.dm_scan_fdt_node