Archive member included to satisfy reference by file (symbol)

arch/arm/lib/lib.a(ashldi3.o)
                              lib/built-in.o (__aeabi_llsl)
arch/arm/lib/lib.a(ashrdi3.o)
                              drivers/built-in.o (__aeabi_lasr)
arch/arm/lib/lib.a(lib1funcs.o)
                              arch/arm/mach-omap2/built-in.o (__aeabi_uidiv)
arch/arm/lib/lib.a(lshrdi3.o)
                              lib/built-in.o (__aeabi_llsr)
arch/arm/lib/lib.a(div0.o)    arch/arm/lib/lib.a(lib1funcs.o) (__div0)

Discarded input sections

 .data          0x0000000000000000        0x0 arch/arm/cpu/armv7/start.o
 .bss           0x0000000000000000        0x0 arch/arm/cpu/armv7/start.o
 .text.get_dpll_mpu_params
                0x0000000000000000        0x8 arch/arm/mach-omap2/built-in.o
 .text.set_mpu_spreadspectrum
                0x0000000000000000       0xcc arch/arm/mach-omap2/built-in.o
 .text.do_disable_clocks
                0x0000000000000000       0x80 arch/arm/mach-omap2/built-in.o
 .text.scale_vcores
                0x0000000000000000        0x2 arch/arm/mach-omap2/built-in.o
 .text.get_cpu_rev
                0x0000000000000000       0x10 arch/arm/mach-omap2/built-in.o
 .text.get_cpu_type
                0x0000000000000000       0x14 arch/arm/mach-omap2/built-in.o
 .text.get_sysboot_value
                0x0000000000000000       0x14 arch/arm/mach-omap2/built-in.o
 .text.print_cpuinfo
                0x0000000000000000       0x90 arch/arm/mach-omap2/built-in.o
 .text.dram_init
                0x0000000000000000       0x1a arch/arm/mach-omap2/built-in.o
 .text.cpu_mmc_init
                0x0000000000000000       0x28 arch/arm/mach-omap2/built-in.o
 .text.arch_cpu_init_dm
                0x0000000000000000        0xe arch/arm/mach-omap2/built-in.o
 .text.ft_cpu_setup
                0x0000000000000000        0x2 arch/arm/mach-omap2/built-in.o
 .text.clk_synthesizer_reg_write
                0x0000000000000000       0x38 arch/arm/mach-omap2/built-in.o
 .text.setup_clock_synthesizer
                0x0000000000000000       0x84 arch/arm/mach-omap2/built-in.o
 .text.warm_reset
                0x0000000000000000       0x1c arch/arm/mach-omap2/built-in.o
 .text.setup_warmreset_time
                0x0000000000000000        0x2 arch/arm/mach-omap2/built-in.o
 .text.get_ticks
                0x0000000000000000        0xa arch/arm/mach-omap2/built-in.o
 .text.get_tbclk
                0x0000000000000000        0x6 arch/arm/mach-omap2/built-in.o
 .text.do_cancel_out
                0x0000000000000000       0x44 arch/arm/mach-omap2/built-in.o
 .text.cancel_out
                0x0000000000000000       0x62 arch/arm/mach-omap2/built-in.o
 .text.omap_die_id
                0x0000000000000000        0xc arch/arm/mach-omap2/built-in.o
 .text.omap_die_id_serial
                0x0000000000000000       0x4c arch/arm/mach-omap2/built-in.o
 .text.omap_die_id_get_board_serial
                0x0000000000000000       0x28 arch/arm/mach-omap2/built-in.o
 .text.omap_die_id_usbethaddr
                0x0000000000000000       0x58 arch/arm/mach-omap2/built-in.o
 .text.omap_die_id_display
                0x0000000000000000       0x2c arch/arm/mach-omap2/built-in.o
 .text.get_device_type
                0x0000000000000000       0x18 arch/arm/mach-omap2/built-in.o
 .text.enable_caches
                0x0000000000000000        0x4 arch/arm/mach-omap2/built-in.o
 .text.dram_bank_mmu_setup
                0x0000000000000000       0x38 arch/arm/mach-omap2/built-in.o
 .text.arm_init_domains
                0x0000000000000000       0x16 arch/arm/mach-omap2/built-in.o
 .text.fb_set_reboot_flag
                0x0000000000000000       0x24 arch/arm/mach-omap2/built-in.o
 .rodata.cmrtc  0x0000000000000000        0x4 arch/arm/mach-omap2/built-in.o
 .rodata.cmdpll
                0x0000000000000000        0x4 arch/arm/mach-omap2/built-in.o
 .rodata.cmper  0x0000000000000000        0x4 arch/arm/mach-omap2/built-in.o
 .rodata.dpll_core_opp100
                0x0000000000000000       0x10 arch/arm/mach-omap2/built-in.o
 .rodata.dev_types
                0x0000000000000000       0x10 arch/arm/mach-omap2/built-in.o
 .rodata.__func__.7933
                0x0000000000000000       0x14 arch/arm/mach-omap2/built-in.o
 .data          0x0000000000000000        0x0 arch/arm/mach-omap2/built-in.o
 .data.cpu_revs_am43xx
                0x0000000000000000        0xc arch/arm/mach-omap2/built-in.o
 .data.cpu_revs
                0x0000000000000000        0xc arch/arm/mach-omap2/built-in.o
 .bss           0x0000000000000000        0x0 arch/arm/mach-omap2/built-in.o
 .text.v7_outer_cache_enable
                0x0000000000000000        0x2 arch/arm/cpu/armv7/built-in.o
 .text.arm_init_before_mmu
                0x0000000000000000       0x22 arch/arm/cpu/armv7/built-in.o
 .text.mmu_page_table_flush
                0x0000000000000000       0x1e arch/arm/cpu/armv7/built-in.o
 .text.v7_outer_cache_inval_range
[...]
Memory Configuration

Name             Origin             Length             Attributes
.sram            0x00000000402f0400 0x000000000001b000
.sdram           0x0000000080a00000 0x0000000000080000
*default*        0x0000000000000000 0xffffffffffffffff

Linker script and memory map


.text           0x00000000402f0400    0x108a8
                0x00000000402f0400                __start = .
 *(.vectors)
 .vectors       0x00000000402f0400       0x60 arch/arm/lib/built-in.o
                0x00000000402f0400                _start
                0x00000000402f0420                _undefined_instruction
                0x00000000402f0424                _software_interrupt
                0x00000000402f0428                _prefetch_abort
                0x00000000402f042c                _data_abort
                0x00000000402f0430                _not_used
                0x00000000402f0434                _irq
                0x00000000402f0438                _fiq
 arch/arm/cpu/armv7/start.o(.text*)
 .text          0x00000000402f0460       0xb0 arch/arm/cpu/armv7/start.o
                0x00000000402f0460                reset
                0x00000000402f0464                save_boot_params_ret
                0x00000000402f04a0                c_runtime_cpu_setup
                0x00000000402f04b4                cpu_init_cp15
                0x00000000402f0508                cpu_init_crit
 *(.text*)
 .text          0x00000000402f0510       0x60 arch/arm/mach-omap2/built-in.o
                0x00000000402f0510                save_boot_params
                0x00000000402f051c                omap_smc1
                0x00000000402f0538                omap_smc_sec
 .text.get_dpll_core_params
                0x00000000402f0570       0x14 arch/arm/mach-omap2/built-in.o
                0x00000000402f0570                get_dpll_core_params
 .text.get_dpll_per_params
                0x00000000402f0584       0x14 arch/arm/mach-omap2/built-in.o
                0x00000000402f0584                get_dpll_per_params
 .text.setup_clocks_for_console
                0x00000000402f0598       0x7c arch/arm/mach-omap2/built-in.o
                0x00000000402f0598                setup_clocks_for_console
 .text.enable_basic_clocks
                0x00000000402f0614       0x44 arch/arm/mach-omap2/built-in.o
                0x00000000402f0614                enable_basic_clocks
 .text.do_setup_dpll
                0x00000000402f0658       0xe0 arch/arm/mach-omap2/built-in.o
                0x00000000402f0658                do_setup_dpll
 .text.do_enable_clocks
                0x00000000402f0738       0x78 arch/arm/mach-omap2/built-in.o
                0x00000000402f0738                do_enable_clocks
 .text.setup_early_clocks
                0x00000000402f07b0       0x12 arch/arm/mach-omap2/built-in.o
                0x00000000402f07b0                setup_early_clocks
 *fill*         0x00000000402f07c2        0x2 
 .text.prcm_init
                0x00000000402f07c4       0x5c arch/arm/mach-omap2/built-in.o
                0x00000000402f07c4                prcm_init
 .text.get_sys_clk_index
                0x00000000402f0820       0x14 arch/arm/mach-omap2/built-in.o
                0x00000000402f0820                get_sys_clk_index
 .text.am335x_get_efuse_mpu_max_freq
                0x00000000402f0834       0x7c arch/arm/mach-omap2/built-in.o
                0x00000000402f0834                am335x_get_efuse_mpu_max_freq
 .text.am335x_get_tps65910_mpu_vdd
                0x00000000402f08b0       0x36 arch/arm/mach-omap2/built-in.o
                0x00000000402f08b0                am335x_get_tps65910_mpu_vdd
 *fill*         0x00000000402f08e6        0x2 
 .text.configure_mr
                0x00000000402f08e8       0xa8 arch/arm/mach-omap2/built-in.o
 .text.config_sdram_emif4d5
                0x00000000402f0990      0x164 arch/arm/mach-omap2/built-in.o
                0x00000000402f0990                config_sdram_emif4d5
 .text.config_sdram
                0x00000000402f0af4       0x80 arch/arm/mach-omap2/built-in.o
                0x00000000402f0af4                config_sdram
 .text.set_sdram_timings
                0x00000000402f0b74       0x3c arch/arm/mach-omap2/built-in.o
                0x00000000402f0b74                set_sdram_timings
 .text.config_ddr_phy
                0x00000000402f0bb0      0x1ac arch/arm/mach-omap2/built-in.o
                0x00000000402f0bb0                config_ddr_phy
 .text.config_cmd_ctrl
                0x00000000402f0d5c       0x44 arch/arm/mach-omap2/built-in.o
                0x00000000402f0d5c                config_cmd_ctrl
 .text.config_ddr_data
                0x00000000402f0da0       0x4c arch/arm/mach-omap2/built-in.o
                0x00000000402f0da0                config_ddr_data
 .text.config_io_ctrl
                0x00000000402f0dec       0x34 arch/arm/mach-omap2/built-in.o
                0x00000000402f0dec                config_io_ctrl
 .text.ddr_pll_config
                0x00000000402f0e20        0x2 arch/arm/mach-omap2/built-in.o
                0x00000000402f0e20                ddr_pll_config
 *fill*         0x00000000402f0e22        0x2 
 .text.config_ddr
                0x00000000402f0e24       0xb8 arch/arm/mach-omap2/built-in.o
                0x00000000402f0e24                config_ddr
 .text.am33xx_otg1_set_phy_power
                0x00000000402f0edc       0x20 arch/arm/mach-omap2/built-in.o
 .text.am33xx_otg0_set_phy_power
                0x00000000402f0efc       0x20 arch/arm/mach-omap2/built-in.o
 .text.dram_init_banksize
                0x00000000402f0f1c       0x14 arch/arm/mach-omap2/built-in.o
                0x00000000402f0f1c                dram_init_banksize
 .text.arch_misc_init
                0x00000000402f0f30       0x34 arch/arm/mach-omap2/built-in.o
                0x00000000402f0f30                arch_misc_init
 .text.board_early_init_f
                0x00000000402f0f64        0xe arch/arm/mach-omap2/built-in.o
                0x00000000402f0f64                board_early_init_f
 .text.am33xx_spl_board_init
                0x00000000402f0f72        0x2 arch/arm/mach-omap2/built-in.o
                0x00000000402f0f72                am33xx_spl_board_init
 .text.s_init   0x00000000402f0f74        0x2 arch/arm/mach-omap2/built-in.o
                0x00000000402f0f74                s_init
 *fill*         0x00000000402f0f76        0x2 
 .text.early_system_init
                0x00000000402f0f78       0x9c arch/arm/mach-omap2/built-in.o
                0x00000000402f0f78                early_system_init
 .text.board_init_f
                0x00000000402f1014       0x24 arch/arm/mach-omap2/built-in.o
                0x00000000402f1014                board_init_f
 .text.configure_module_pin_mux
                0x00000000402f1038       0x1c arch/arm/mach-omap2/built-in.o
                0x00000000402f1038                configure_module_pin_mux
 .text.hw_data_init
                0x00000000402f1054       0x14 arch/arm/mach-omap2/built-in.o
                0x00000000402f1054                hw_data_init
 .text.reset_cpu
                0x00000000402f1068       0x10 arch/arm/mach-omap2/built-in.o
                0x00000000402f1068                reset_cpu
 .text.timer_init
                0x00000000402f1078       0x18 arch/arm/mach-omap2/built-in.o
                0x00000000402f1078                timer_init
 .text.__udelay
                0x00000000402f1090       0x34 arch/arm/mach-omap2/built-in.o
                0x00000000402f1090                __udelay
 .text.get_timer_masked
                0x00000000402f10c4       0x58 arch/arm/mach-omap2/built-in.o
                0x00000000402f10c4                get_timer_masked
 .text.get_timer
                0x00000000402f111c        0xc arch/arm/mach-omap2/built-in.o
                0x00000000402f111c                get_timer
 .text.omap_sys_boot_device
                0x00000000402f1128        0x4 arch/arm/mach-omap2/built-in.o
                0x00000000402f1128                omap_sys_boot_device
 .text.save_omap_boot_params
                0x00000000402f112c       0x7c arch/arm/mach-omap2/built-in.o
                0x00000000402f112c                save_omap_boot_params
 .text.spl_boot_device
                0x00000000402f11a8        0x8 arch/arm/mach-omap2/built-in.o
                0x00000000402f11a8                spl_boot_device
 .text.spl_boot_mode
                0x00000000402f11b0        0x8 arch/arm/mach-omap2/built-in.o
                0x00000000402f11b0                spl_boot_mode
 .text.spl_board_init
                0x00000000402f11b8       0x28 arch/arm/mach-omap2/built-in.o
                0x00000000402f11b8                spl_board_init
 .text.jump_to_image_no_args
                0x00000000402f11e0       0x1c arch/arm/mach-omap2/built-in.o
                0x00000000402f11e0                jump_to_image_no_args
 .text.enable_gpmc_cs_config
                0x00000000402f11fc       0x6c arch/arm/mach-omap2/built-in.o
                0x00000000402f11fc                enable_gpmc_cs_config
 .text.set_gpmc_cs0
                0x00000000402f1268       0x4c arch/arm/mach-omap2/built-in.o
                0x00000000402f1268                set_gpmc_cs0
 .text.gpmc_init
                0x00000000402f12b4       0x50 arch/arm/mach-omap2/built-in.o
                0x00000000402f12b4                gpmc_init
 .text          0x00000000402f1304      0x158 arch/arm/cpu/armv7/built-in.o
                0x00000000402f1304                __v7_flush_dcache_all
                0x00000000402f13a0                v7_flush_dcache_all
                0x00000000402f13b0                __v7_invalidate_dcache_all
                0x00000000402f144c                v7_invalidate_dcache_all
 .text.invalidate_icache_all
                0x00000000402f145c       0x14 arch/arm/cpu/armv7/built-in.o
                0x00000000402f145c                invalidate_icache_all
 .text.v7_outer_cache_disable
                0x00000000402f1470        0x2 arch/arm/cpu/armv7/built-in.o
                0x00000000402f1470                v7_outer_cache_disable
 .text.v7_outer_cache_flush_all
                0x00000000402f1472        0x2 arch/arm/cpu/armv7/built-in.o
                0x00000000402f1472                v7_outer_cache_flush_all
 .text.flush_dcache_all
                0x00000000402f1474        0xe arch/arm/cpu/armv7/built-in.o
                0x00000000402f1474                flush_dcache_all
 .text.v7_outer_cache_inval_all
                0x00000000402f1482        0x2 arch/arm/cpu/armv7/built-in.o
                0x00000000402f1482                v7_outer_cache_inval_all
 .text.invalidate_dcache_all
                0x00000000402f1484        0xe arch/arm/cpu/armv7/built-in.o
                0x00000000402f1484                invalidate_dcache_all
 .text.v7_outer_cache_flush_range
                0x00000000402f1492        0x2 arch/arm/cpu/armv7/built-in.o
                0x00000000402f1492                v7_outer_cache_flush_range
 .text.flush_dcache_range
                0x00000000402f1494       0x3a arch/arm/cpu/armv7/built-in.o
                0x00000000402f1494                flush_dcache_range
 .text.cpu_cache_initialization
                0x00000000402f14ce        0x2 arch/arm/cpu/armv7/built-in.o
                0x00000000402f14ce                cpu_cache_initialization
 .text.cleanup_before_linux_select
                0x00000000402f14d0       0x38 arch/arm/cpu/armv7/built-in.o
                0x00000000402f14d0                cleanup_before_linux_select
 .text.cleanup_before_linux
                0x00000000402f1508        0x6 arch/arm/cpu/armv7/built-in.o
                0x00000000402f1508                cleanup_before_linux
 .text.sdelay   0x00000000402f150e        0x6 arch/arm/cpu/armv7/built-in.o
                0x00000000402f150e                sdelay
 .text.wait_on_value
                0x00000000402f1514       0x1e arch/arm/cpu/armv7/built-in.o
                0x00000000402f1514                wait_on_value
 *fill*         0x00000000402f1532        0x2 
 .text.lowlevel_init
                0x00000000402f1534       0x1c arch/arm/cpu/armv7/built-in.o
                0x00000000402f1534                lowlevel_init
 *fill*         0x00000000402f1550       0x10 
 .text          0x00000000402f1560      0x400 arch/arm/lib/built-in.o
                0x00000000402f1560                _main
                0x00000000402f15e0                memset
                0x00000000402f1680                memcpy
 .text.jump_to_image_linux
                0x00000000402f1960       0x20 arch/arm/lib/built-in.o
                0x00000000402f1960                jump_to_image_linux
 .text.bootz_setup
                0x00000000402f1980       0x6c arch/arm/lib/built-in.o
                0x00000000402f1980                bootz_setup
 .text.arch_fixup_fdt
                0x00000000402f19ec       0x26 arch/arm/lib/built-in.o
                0x00000000402f19ec                arch_fixup_fdt
 .text.disable_interrupts
                0x00000000402f1a12        0x4 arch/arm/lib/built-in.o
                0x00000000402f1a12                disable_interrupts
 .text.reset_misc
                0x00000000402f1a16        0x2 arch/arm/lib/built-in.o
                0x00000000402f1a16                reset_misc
 .text.do_reset
                0x00000000402f1a18       0x28 arch/arm/lib/built-in.o
                0x00000000402f1a18                do_reset
 .text.check_cache_range
                0x00000000402f1a40       0x14 arch/arm/lib/built-in.o
                0x00000000402f1a40                check_cache_range
 .text.icache_enable
                0x00000000402f1a54       0x12 arch/arm/lib/built-in.o
                0x00000000402f1a54                icache_enable
 .text.icache_disable
                0x00000000402f1a66       0x16 arch/arm/lib/built-in.o
                0x00000000402f1a66                icache_disable
 .text.dcache_disable
                0x00000000402f1a7c       0x20 arch/arm/lib/built-in.o
                0x00000000402f1a7c                dcache_disable
 .text.enable_uart0_pin_mux
                0x00000000402f1a9c        0xc board/ti/am335x/built-in.o
                0x00000000402f1a9c                enable_uart0_pin_mux
 .text.enable_i2c0_pin_mux
                0x00000000402f1aa8        0xc board/ti/am335x/built-in.o
                0x00000000402f1aa8                enable_i2c0_pin_mux
 .text.enable_board_pin_mux
                0x00000000402f1ab4      0x160 board/ti/am335x/built-in.o
                0x00000000402f1ab4                enable_board_pin_mux
 .text.bone_not_connected_to_ac_power.part.0
                0x00000000402f1c14       0x28 board/ti/am335x/built-in.o
 .text.do_board_detect
                0x00000000402f1c3c       0x2c board/ti/am335x/built-in.o
                0x00000000402f1c3c                do_board_detect
 .text.spl_start_uboot
                0x00000000402f1c68       0x30 board/ti/am335x/built-in.o
                0x00000000402f1c68                spl_start_uboot
 .text.get_dpll_ddr_params
                0x00000000402f1c98       0x80 board/ti/am335x/built-in.o
                0x00000000402f1c98                get_dpll_ddr_params
 .text.get_dpll_mpu_params
                0x00000000402f1d18       0x9c board/ti/am335x/built-in.o
                0x00000000402f1d18                get_dpll_mpu_params
 .text.scale_vcores_generic
                0x00000000402f1db4       0x40 board/ti/am335x/built-in.o
                0x00000000402f1db4                scale_vcores_generic
 .text.gpi2c_init
                0x00000000402f1df4       0x24 board/ti/am335x/built-in.o
                0x00000000402f1df4                gpi2c_init
 .text.scale_vcores
                0x00000000402f1e18      0x128 board/ti/am335x/built-in.o
                0x00000000402f1e18                scale_vcores
 .text.set_uart_mux_conf
                0x00000000402f1f40        0x4 board/ti/am335x/built-in.o
                0x00000000402f1f40                set_uart_mux_conf
 .text.set_mux_conf_regs
                0x00000000402f1f44        0x4 board/ti/am335x/built-in.o
                0x00000000402f1f44                set_mux_conf_regs
 .text.sdram_init
                0x00000000402f1f48      0x170 board/ti/am335x/built-in.o
                0x00000000402f1f48                sdram_init
 .text.board_fit_config_name_match
                0x00000000402f20b8       0xe0 board/ti/am335x/built-in.o
                0x00000000402f20b8                board_fit_config_name_match
 .text.ti_eeprom_string_cleanup
                0x00000000402f2198       0x24 board/ti/common/built-in.o
 .text.ti_i2c_eeprom_get
                0x00000000402f21bc       0x94 board/ti/common/built-in.o
 .text.ti_i2c_eeprom_am_get
                0x00000000402f2250       0xbc board/ti/common/built-in.o
                0x00000000402f2250                ti_i2c_eeprom_am_get
 .text.board_ti_is
                0x00000000402f230c       0x30 board/ti/common/built-in.o
                0x00000000402f230c                board_ti_is
 .text.board_ti_get_rev
                0x00000000402f233c        0x8 board/ti/common/built-in.o
                0x00000000402f233c                board_ti_get_rev
 .text.board_ti_get_config
                0x00000000402f2344        0x8 board/ti/common/built-in.o
                0x00000000402f2344                board_ti_get_config
 .text.show_boot_progress
                0x00000000402f234c        0x2 common/spl/built-in.o
                0x00000000402f234c                show_boot_progress
 *fill*         0x00000000402f234e        0x2 
 .text.spl_common_init
                0x00000000402f2350       0x40 common/spl/built-in.o
 .text.spl_fixup_fdt
                0x00000000402f2390       0x50 common/spl/built-in.o
                0x00000000402f2390                spl_fixup_fdt
 .text.spl_board_prepare_for_linux
                0x00000000402f23e0        0x2 common/spl/built-in.o
                0x00000000402f23e0                spl_board_prepare_for_linux
 .text.spl_board_prepare_for_boot
                0x00000000402f23e2        0x2 common/spl/built-in.o
                0x00000000402f23e2                spl_board_prepare_for_boot
 .text.spl_set_header_raw_uboot
                0x00000000402f23e4       0x20 common/spl/built-in.o
                0x00000000402f23e4                spl_set_header_raw_uboot
 .text.spl_parse_image_header
                0x00000000402f2404       0xa8 common/spl/built-in.o
                0x00000000402f2404                spl_parse_image_header
 .text.spl_init
                0x00000000402f24ac       0x24 common/spl/built-in.o
                0x00000000402f24ac                spl_init
 .text.board_boot_order
                0x00000000402f24d0        0xc common/spl/built-in.o
                0x00000000402f24d0                board_boot_order
 .text.board_init_r
                0x00000000402f24dc      0x120 common/spl/built-in.o
                0x00000000402f24dc                board_init_r
 .text.preloader_console_init
                0x00000000402f25fc       0x24 common/spl/built-in.o
                0x00000000402f25fc                preloader_console_init
 .text.spl_relocate_stack_gd
                0x00000000402f2620       0x34 common/spl/built-in.o
                0x00000000402f2620                spl_relocate_stack_gd
 .text.spl_fit_get_image_node
                0x00000000402f2654       0xe0 common/spl/built-in.o
 .text.spl_load_fit_image
                0x00000000402f2734      0x11c common/spl/built-in.o
 .text.spl_load_simple_fit
                0x00000000402f2850      0x184 common/spl/built-in.o
                0x00000000402f2850                spl_load_simple_fit
 .text.ymodem_read_fit
                0x00000000402f29d4       0x7c common/spl/built-in.o
 .text.getcymodem
                0x00000000402f2a50       0x16 common/spl/built-in.o
 *fill*         0x00000000402f2a66        0x2 
 .text.spl_ymodem_load_image
                0x00000000402f2a68       0xf8 common/spl/built-in.o
 .text.spl_nand_fit_read
                0x00000000402f2b60       0x18 common/spl/built-in.o
 .text.spl_nand_load_image
                0x00000000402f2b78       0xfc common/spl/built-in.o
 .text.h_spl_load_read
                0x00000000402f2c74       0x1a common/spl/built-in.o
 *fill*         0x00000000402f2c8e        0x2 
 .text.mmc_load_image_raw_sector
                0x00000000402f2c90       0xcc common/spl/built-in.o
 .text.spl_mmc_load_image
                0x00000000402f2d5c      0x1c0 common/spl/built-in.o
                0x00000000402f2d5c                spl_mmc_load_image
 .text.spl_fit_read
                0x00000000402f2f1c       0x28 common/spl/built-in.o
 .text.spl_load_image_fat
                0x00000000402f2f44       0xc0 common/spl/built-in.o
                0x00000000402f2f44                spl_load_image_fat
 .text.spl_load_image_fat_os
                0x00000000402f3004       0xec common/spl/built-in.o
                0x00000000402f3004                spl_load_image_fat_os
 .text.spl_load_image_ext
                0x00000000402f30f0       0xe0 common/spl/built-in.o
                0x00000000402f30f0                spl_load_image_ext
 .text.spl_load_image_ext_os
                0x00000000402f31d0      0x130 common/spl/built-in.o
                0x00000000402f31d0                spl_load_image_ext_os
 .text.board_init_f_alloc_reserve
                0x00000000402f3300        0xa common/init/built-in.o
                0x00000000402f3300                board_init_f_alloc_reserve
 .text.board_init_f_init_reserve
                0x00000000402f330a       0x16 common/init/built-in.o
                0x00000000402f330a                board_init_f_init_reserve
 .text.zm_save  0x00000000402f3320       0x10 common/built-in.o
 .text.zm_dprintf
                0x00000000402f3330       0x28 common/built-in.o
 .text.zm_dump  0x00000000402f3358        0xc common/built-in.o
 .text.CYGACC_COMM_IF_GETC_TIMEOUT.isra.1
                0x00000000402f3364       0x2e common/built-in.o
 .text.xyzModem_flush
                0x00000000402f3392       0x14 common/built-in.o
 *fill*         0x00000000402f33a6        0x2 
 .text.xyzModem_get_hdr
                0x00000000402f33a8      0x224 common/built-in.o
 .text.xyzModem_stream_open
                0x00000000402f35cc      0x1a0 common/built-in.o
                0x00000000402f35cc                xyzModem_stream_open
 .text.xyzModem_stream_read
                0x00000000402f376c      0x208 common/built-in.o
                0x00000000402f376c                xyzModem_stream_read
 .text.xyzModem_stream_close
                0x00000000402f3974       0x50 common/built-in.o
                0x00000000402f3974                xyzModem_stream_close
 .text.xyzModem_stream_terminate
                0x00000000402f39c4       0x9c common/built-in.o
                0x00000000402f39c4                xyzModem_stream_terminate
 .text.xyzModem_error
                0x00000000402f3a60       0x18 common/built-in.o
                0x00000000402f3a60                xyzModem_error
 .text.fdt_getprop_u32
                0x00000000402f3a78       0x20 common/built-in.o
                0x00000000402f3a78                fdt_getprop_u32
 .text.fit_find_config_node
                0x00000000402f3a98       0x84 common/built-in.o
                0x00000000402f3a98                fit_find_config_node
 .text.fdt_find_or_add_subnode
                0x00000000402f3b1c       0x40 common/built-in.o
                0x00000000402f3b1c                fdt_find_or_add_subnode
 .text.fdt_fixup_memory_banks
                0x00000000402f3b5c      0x118 common/built-in.o
                0x00000000402f3b5c                fdt_fixup_memory_banks
 .text.fdt_shrink_to_minimum
                0x00000000402f3c74       0x8e common/built-in.o
                0x00000000402f3c74                fdt_shrink_to_minimum
 *fill*         0x00000000402f3d02        0x2 
 .text.fgetc    0x00000000402f3d04       0x1c common/built-in.o
                0x00000000402f3d04                fgetc
 .text.getc     0x00000000402f3d20       0x18 common/built-in.o
                0x00000000402f3d20                getc
 .text.ftstc    0x00000000402f3d38       0x1c common/built-in.o
                0x00000000402f3d38                ftstc
 .text.tstc     0x00000000402f3d54       0x18 common/built-in.o
                0x00000000402f3d54                tstc
 .text.fputc    0x00000000402f3d6c       0x18 common/built-in.o
                0x00000000402f3d6c                fputc
 .text.putc     0x00000000402f3d84       0x1a common/built-in.o
                0x00000000402f3d84                putc
 .text.puts     0x00000000402f3d9e       0x12 common/built-in.o
                0x00000000402f3d9e                puts
 .text.mem_malloc_init
                0x00000000402f3db0       0x3c common/built-in.o
                0x00000000402f3db0                mem_malloc_init
 .text.malloc_simple
                0x00000000402f3dec       0x64 common/built-in.o
                0x00000000402f3dec                malloc_simple
 .text.memalign_simple
                0x00000000402f3e50       0x50 common/built-in.o
                0x00000000402f3e50                memalign_simple
 .text.calloc   0x00000000402f3ea0       0x1a common/built-in.o
                0x00000000402f3ea0                calloc
 .text.get_ram_size
                0x00000000402f3eba       0x96 common/built-in.o
                0x00000000402f3eba                get_ram_size
 .text.envmatch
                0x00000000402f3f50       0x46 cmd/built-in.o
                0x00000000402f3f50                envmatch
 *fill*         0x00000000402f3f96        0x2 
 .text.env_get_f
                0x00000000402f3f98       0x80 cmd/built-in.o
                0x00000000402f3f98                env_get_f
 .text.env_get  0x00000000402f4018       0x54 cmd/built-in.o
                0x00000000402f4018                env_get
 .text.env_get_yesno
                0x00000000402f406c       0x2a env/built-in.o
                0x00000000402f406c                env_get_yesno
 .text.env_get_default
                0x00000000402f4096       0x20 env/built-in.o
                0x00000000402f4096                env_get_default
 *fill*         0x00000000402f40b6        0x2 
 .text.set_default_env
                0x00000000402f40b8       0x84 env/built-in.o
                0x00000000402f40b8                set_default_env
 .text.env_import
                0x00000000402f413c       0x94 env/built-in.o
                0x00000000402f413c                env_import
 .text.env_driver_lookup_default
                0x00000000402f41d0       0x3c env/built-in.o
                0x00000000402f41d0                env_driver_lookup_default
 .text.env_get_char
                0x00000000402f420c       0x48 env/built-in.o
                0x00000000402f420c                env_get_char
 .text.env_load
                0x00000000402f4254       0x30 env/built-in.o
                0x00000000402f4254                env_load
 .text.env_init
                0x00000000402f4284       0x48 env/built-in.o
                0x00000000402f4284                env_init
 .text.regex_callback
                0x00000000402f42cc       0xc4 env/built-in.o
 .text.env_attr_walk
                0x00000000402f4390       0xa0 env/built-in.o
                0x00000000402f4390                env_attr_walk
 .text.env_attr_lookup
                0x00000000402f4430       0x44 env/built-in.o
                0x00000000402f4430                env_attr_lookup
 .text.skip_num
                0x00000000402f4474       0x48 env/built-in.o
 .text.env_flags_parse_vartype
                0x00000000402f44bc       0x30 env/built-in.o
                0x00000000402f44bc                env_flags_parse_vartype
 .text.env_flags_parse_varaccess
                0x00000000402f44ec       0x38 env/built-in.o
                0x00000000402f44ec                env_flags_parse_varaccess
 .text.eth_validate_ethaddr_str
                0x00000000402f4524       0x50 env/built-in.o
                0x00000000402f4524                eth_validate_ethaddr_str
 .text.env_flags_init
                0x00000000402f4574       0x90 env/built-in.o
                0x00000000402f4574                env_flags_init
 .text.env_flags_validate
                0x00000000402f4604      0x1b8 env/built-in.o
                0x00000000402f4604                env_flags_validate
 .text.env_callback_init
                0x00000000402f47bc       0xa4 env/built-in.o
                0x00000000402f47bc                env_callback_init
 .text.env_fat_load
                0x00000000402f4860       0xa0 env/built-in.o
 .text.fdt_check_header
                0x00000000402f4900       0x4c lib/built-in.o
                0x00000000402f4900                fdt_check_header
 .text.fdt_offset_ptr
                0x00000000402f494c       0x32 lib/built-in.o
                0x00000000402f494c                fdt_offset_ptr
 .text.fdt_next_tag
                0x00000000402f497e       0x8a lib/built-in.o
                0x00000000402f497e                fdt_next_tag
 .text._fdt_check_node_offset
                0x00000000402f4a08       0x24 lib/built-in.o
                0x00000000402f4a08                _fdt_check_node_offset
 .text._fdt_check_prop_offset
                0x00000000402f4a2c       0x24 lib/built-in.o
                0x00000000402f4a2c                _fdt_check_prop_offset
 .text.fdt_next_node
                0x00000000402f4a50       0x74 lib/built-in.o
                0x00000000402f4a50                fdt_next_node
 .text.fdt_first_subnode
                0x00000000402f4ac4       0x28 lib/built-in.o
                0x00000000402f4ac4                fdt_first_subnode
 .text.fdt_next_subnode
                0x00000000402f4aec       0x2a lib/built-in.o
                0x00000000402f4aec                fdt_next_subnode
 .text._fdt_find_string
                0x00000000402f4b16       0x30 lib/built-in.o
                0x00000000402f4b16                _fdt_find_string
 .text.fdt_path_next_separator
                0x00000000402f4b46       0x2a lib/built-in.o
 .text._nextprop
                0x00000000402f4b70       0x36 lib/built-in.o
 .text.fdt_string
                0x00000000402f4ba6        0xa lib/built-in.o
                0x00000000402f4ba6                fdt_string
 .text.fdt_get_mem_rsv
                0x00000000402f4bb0       0x38 lib/built-in.o
                0x00000000402f4bb0                fdt_get_mem_rsv
 .text.fdt_num_mem_rsv
                0x00000000402f4be8       0x22 lib/built-in.o
                0x00000000402f4be8                fdt_num_mem_rsv
 .text.fdt_subnode_offset_namelen
                0x00000000402f4c0a       0x76 lib/built-in.o
                0x00000000402f4c0a                fdt_subnode_offset_namelen
 .text.fdt_subnode_offset
                0x00000000402f4c80       0x1e lib/built-in.o
                0x00000000402f4c80                fdt_subnode_offset
 .text.fdt_get_name
                0x00000000402f4c9e       0x3e lib/built-in.o
                0x00000000402f4c9e                fdt_get_name
 .text.fdt_first_property_offset
                0x00000000402f4cdc       0x18 lib/built-in.o
                0x00000000402f4cdc                fdt_first_property_offset
 .text.fdt_next_property_offset
                0x00000000402f4cf4       0x18 lib/built-in.o
                0x00000000402f4cf4                fdt_next_property_offset
 .text.fdt_get_property_by_offset
                0x00000000402f4d0c       0x2e lib/built-in.o
                0x00000000402f4d0c                fdt_get_property_by_offset
 .text.fdt_get_property_namelen
                0x00000000402f4d3a       0x64 lib/built-in.o
                0x00000000402f4d3a                fdt_get_property_namelen
 .text.fdt_get_property
                0x00000000402f4d9e       0x22 lib/built-in.o
                0x00000000402f4d9e                fdt_get_property
 .text.fdt_getprop_namelen
                0x00000000402f4dc0       0x12 lib/built-in.o
                0x00000000402f4dc0                fdt_getprop_namelen
 .text.fdt_getprop
                0x00000000402f4dd2       0x22 lib/built-in.o
                0x00000000402f4dd2                fdt_getprop
 .text.fdt_get_alias_namelen
                0x00000000402f4df4       0x2c lib/built-in.o
                0x00000000402f4df4                fdt_get_alias_namelen
 .text.fdt_path_offset_namelen
                0x00000000402f4e20       0x96 lib/built-in.o
                0x00000000402f4e20                fdt_path_offset_namelen
 .text.fdt_path_offset
                0x00000000402f4eb6       0x1a lib/built-in.o
                0x00000000402f4eb6                fdt_path_offset
 .text._fdt_blocks_misordered
                0x00000000402f4ed0       0x36 lib/built-in.o
 .text._fdt_splice
                0x00000000402f4f06       0x4a lib/built-in.o
 .text._fdt_splice_mem_rsv
                0x00000000402f4f50       0x2c lib/built-in.o
 .text._fdt_splice_struct
                0x00000000402f4f7c       0x26 lib/built-in.o
 .text._fdt_find_add_string
                0x00000000402f4fa2       0x66 lib/built-in.o
 .text._fdt_add_property
                0x00000000402f5008       0x5e lib/built-in.o
 .text._fdt_rw_check_header
                0x00000000402f5066       0x38 lib/built-in.o
 .text.fdt_add_mem_rsv
                0x00000000402f509e       0x54 lib/built-in.o
                0x00000000402f509e                fdt_add_mem_rsv
 .text.fdt_del_mem_rsv
                0x00000000402f50f2       0x3e lib/built-in.o
                0x00000000402f50f2                fdt_del_mem_rsv
 .text.fdt_setprop
                0x00000000402f5130       0x7e lib/built-in.o
                0x00000000402f5130                fdt_setprop
 .text.fdt_add_subnode_namelen
                0x00000000402f51ae       0x9c lib/built-in.o
                0x00000000402f51ae                fdt_add_subnode_namelen
 .text.fdt_add_subnode
                0x00000000402f524a       0x1e lib/built-in.o
                0x00000000402f524a                fdt_add_subnode
 .text.fdt_strerror
                0x00000000402f5268       0x3c lib/built-in.o
                0x00000000402f5268                fdt_strerror
 .text.fdt_address_cells
                0x00000000402f52a4       0x34 lib/built-in.o
                0x00000000402f52a4                fdt_address_cells
 .text.fdt_size_cells
                0x00000000402f52d8       0x34 lib/built-in.o
                0x00000000402f52d8                fdt_size_cells
 .text.crc16_ccitt
                0x00000000402f530c       0x24 lib/built-in.o
                0x00000000402f530c                crc16_ccitt
 .text.drop_var_from_set.part.2
                0x00000000402f5330       0x40 lib/built-in.o
 .text.hcreate_r
                0x00000000402f5370       0x60 lib/built-in.o
                0x00000000402f5370                hcreate_r
 .text.hdestroy_r
                0x00000000402f53d0       0x14 lib/built-in.o
                0x00000000402f53d0                hdestroy_r
 .text.hsearch_r
                0x00000000402f53e4      0x318 lib/built-in.o
                0x00000000402f53e4                hsearch_r
 .text.hdelete_r
                0x00000000402f56fc       0xbc lib/built-in.o
                0x00000000402f56fc                hdelete_r
 .text.himport_r
                0x00000000402f57b8      0x2c0 lib/built-in.o
                0x00000000402f57b8                himport_r
 .text.crc32_no_comp
                0x00000000402f5a78       0x90 lib/built-in.o
                0x00000000402f5a78                crc32_no_comp
 .text.crc32    0x00000000402f5b08        0xc lib/built-in.o
                0x00000000402f5b08                crc32
 .text.__div64_32
                0x00000000402f5b14       0x92 lib/built-in.o
                0x00000000402f5b14                __div64_32
 *fill*         0x00000000402f5ba6        0x2 
 .text.hang     0x00000000402f5ba8       0x18 lib/built-in.o
                0x00000000402f5ba8                hang
 .text.kmalloc  0x00000000402f5bc0       0x20 lib/built-in.o
                0x00000000402f5bc0                kmalloc
 .text.skip_spaces
                0x00000000402f5be0       0x18 lib/built-in.o
                0x00000000402f5be0                skip_spaces
 .text.strim    0x00000000402f5bf8       0x34 lib/built-in.o
                0x00000000402f5bf8                strim
 .text.emit     0x00000000402f5c2c       0x20 lib/built-in.o
 .text.store_char_in_data
                0x00000000402f5c4c       0x24 lib/built-in.o
 .text.get_escape_char
                0x00000000402f5c70       0x4a lib/built-in.o
 *fill*         0x00000000402f5cba        0x2 
 .text.set_jump_offset
                0x00000000402f5cbc       0x40 lib/built-in.o
 .text.match    0x00000000402f5cfc      0x2c4 lib/built-in.o
 .text.loop_greedy
                0x00000000402f5fc0       0x5c lib/built-in.o
 .text.loop_non_greedy
                0x00000000402f601c       0x4a lib/built-in.o
 .text.fixup_branch
                0x00000000402f6066       0x1e lib/built-in.o
 .text.quantifier
                0x00000000402f6084       0x6c lib/built-in.o
 .text.compile  0x00000000402f60f0      0x24c lib/built-in.o
 .text.slre_compile
                0x00000000402f633c       0x84 lib/built-in.o
                0x00000000402f633c                slre_compile
 .text.slre_match
                0x00000000402f63c0       0x56 lib/built-in.o
                0x00000000402f63c0                slre_match
 .text.strcpy   0x00000000402f6416        0xe lib/built-in.o
                0x00000000402f6416                strcpy
 .text.strncpy  0x00000000402f6424       0x14 lib/built-in.o
                0x00000000402f6424                strncpy
 .text.strcat   0x00000000402f6438       0x1a lib/built-in.o
                0x00000000402f6438                strcat
 .text.strcmp   0x00000000402f6452       0x1a lib/built-in.o
                0x00000000402f6452                strcmp
 .text.strncmp  0x00000000402f646c       0x22 lib/built-in.o
                0x00000000402f646c                strncmp
 .text.strchr   0x00000000402f648e       0x1a lib/built-in.o
                0x00000000402f648e                strchr
 .text.strlen   0x00000000402f64a8       0x10 lib/built-in.o
                0x00000000402f64a8                strlen
 .text.strlcpy  0x00000000402f64b8       0x2e lib/built-in.o
                0x00000000402f64b8                strlcpy
 .text.strnlen  0x00000000402f64e6       0x1a lib/built-in.o
                0x00000000402f64e6                strnlen
 .text.strdup   0x00000000402f6500       0x22 lib/built-in.o
                0x00000000402f6500                strdup
 .text.memmove  0x00000000402f6522       0x2e lib/built-in.o
                0x00000000402f6522                memmove
 .text.memcmp   0x00000000402f6550       0x1a lib/built-in.o
                0x00000000402f6550                memcmp
 .text.memchr   0x00000000402f656a       0x1c lib/built-in.o
                0x00000000402f656a                memchr
 *fill*         0x00000000402f6586        0x2 
 .text.udelay   0x00000000402f6588       0x20 lib/built-in.o
                0x00000000402f6588                udelay
 .text.uuid_bin_to_str
                0x00000000402f65a8       0x70 lib/built-in.o
                0x00000000402f65a8                uuid_bin_to_str
 .text.putc_outstr
                0x00000000402f6618        0xa lib/built-in.o
 .text.putc_normal
                0x00000000402f6622        0x6 lib/built-in.o
 .text.div_out  0x00000000402f6628       0x32 lib/built-in.o
 *fill*         0x00000000402f665a        0x2 
 .text._vprintf
                0x00000000402f665c      0x214 lib/built-in.o
 .text.vprintf  0x00000000402f6870       0x1c lib/built-in.o
                0x00000000402f6870                vprintf
 .text.printf   0x00000000402f688c       0x24 lib/built-in.o
                0x00000000402f688c                printf
 .text.sprintf  0x00000000402f68b0       0x2c lib/built-in.o
                0x00000000402f68b0                sprintf
 .text.snprintf
                0x00000000402f68dc       0x2c lib/built-in.o
                0x00000000402f68dc                snprintf
 .text.__assert_fail
                0x00000000402f6908       0x14 lib/built-in.o
                0x00000000402f6908                __assert_fail
 .text.panic_finish
                0x00000000402f691c       0x20 lib/built-in.o
 .text.panic_str
                0x00000000402f693c        0xa lib/built-in.o
                0x00000000402f693c                panic_str
 .text.panic    0x00000000402f6946       0x14 lib/built-in.o
                0x00000000402f6946                panic
 *fill*         0x00000000402f695a        0x2 
 .text.simple_strtoul
                0x00000000402f695c       0x70 lib/built-in.o
                0x00000000402f695c                simple_strtoul
 .text.get_dev_hwpart
                0x00000000402f69cc       0x44 disk/built-in.o
 .text.part_init
                0x00000000402f6a10       0x4c disk/built-in.o
                0x00000000402f6a10                part_init
 .text.part_get_info
                0x00000000402f6a5c       0x58 disk/built-in.o
                0x00000000402f6a5c                part_get_info
 .text.blk_get_device_by_str
                0x00000000402f6ab4       0xb0 disk/built-in.o
                0x00000000402f6ab4                blk_get_device_by_str
 .text.blk_get_device_part_str
                0x00000000402f6b64      0x240 disk/built-in.o
                0x00000000402f6b64                blk_get_device_part_str
 .text.part_set_generic_name
                0x00000000402f6da4       0x34 disk/built-in.o
                0x00000000402f6da4                part_set_generic_name
 .text.test_block_type
                0x00000000402f6dd8       0x58 disk/built-in.o
 .text.part_test_dos
                0x00000000402f6e30       0x40 disk/built-in.o
 .text.part_get_info_extended
                0x00000000402f6e70      0x1e8 disk/built-in.o
 .text.part_get_info_dos
                0x00000000402f7058       0x18 disk/built-in.o
                0x00000000402f7058                part_get_info_dos
 .text.iso_dread
                0x00000000402f7070       0x22 disk/built-in.o
                0x00000000402f7070                iso_dread
 *fill*         0x00000000402f7092        0x2 
 .text.part_get_info_iso_verb
                0x00000000402f7094      0x258 disk/built-in.o
                0x00000000402f7094                part_get_info_iso_verb
 .text.part_test_iso
                0x00000000402f72ec       0x14 disk/built-in.o
 .text.part_print_iso
                0x00000000402f7300       0x5c disk/built-in.o
 .text.part_get_info_iso
                0x00000000402f735c        0x6 disk/built-in.o
 *fill*         0x00000000402f7362        0x2 
 .text.print_efiname
                0x00000000402f7364       0x34 disk/built-in.o
 .text.part_test_efi
                0x00000000402f7398       0x82 disk/built-in.o
 *fill*         0x00000000402f741a        0x2 
 .text.validate_gpt_entries
                0x00000000402f741c       0x80 disk/built-in.o
 *fill*         0x00000000402f749c        0x4 
 .text.validate_gpt_header
                0x00000000402f74a0      0x1d0 disk/built-in.o
 .text.is_gpt_valid
                0x00000000402f7670      0x148 disk/built-in.o
 .text.is_pte_valid
                0x00000000402f77b8       0x4c disk/built-in.o
 .text.part_get_info_efi
                0x00000000402f7804      0x190 disk/built-in.o
                0x00000000402f7804                part_get_info_efi
 .text.device_bind_common.isra.7
                0x00000000402f7994      0x184 drivers/built-in.o
 .text.alloc_priv
                0x00000000402f7b18       0x36 drivers/built-in.o
 .text.device_bind_by_name
                0x00000000402f7b4e       0x44 drivers/built-in.o
                0x00000000402f7b4e                device_bind_by_name
 *fill*         0x00000000402f7b92        0x2 
 .text.device_probe
                0x00000000402f7b94      0x120 drivers/built-in.o
                0x00000000402f7b94                device_probe
 .text.dev_get_platdata
                0x00000000402f7cb4        0x6 drivers/built-in.o
                0x00000000402f7cb4                dev_get_platdata
 .text.dev_get_priv
                0x00000000402f7cba        0x6 drivers/built-in.o
                0x00000000402f7cba                dev_get_priv
 .text.dev_get_uclass_priv
                0x00000000402f7cc0        0x6 drivers/built-in.o
                0x00000000402f7cc0                dev_get_uclass_priv
 .text.devfdt_get_addr
                0x00000000402f7cc6        0x6 drivers/built-in.o
                0x00000000402f7cc6                devfdt_get_addr
 .text.lists_driver_lookup_name
                0x00000000402f7ccc       0x34 drivers/built-in.o
                0x00000000402f7ccc                lists_driver_lookup_name
 .text.lists_uclass_lookup
                0x00000000402f7d00       0x2c drivers/built-in.o
                0x00000000402f7d00                lists_uclass_lookup
 .text.lists_bind_drivers
                0x00000000402f7d2c       0x50 drivers/built-in.o
                0x00000000402f7d2c                lists_bind_drivers
 .text.dm_fixup_for_gd_move
                0x00000000402f7d7c       0x14 drivers/built-in.o
                0x00000000402f7d7c                dm_fixup_for_gd_move
 .text.dm_init  0x00000000402f7d90       0x34 drivers/built-in.o
                0x00000000402f7d90                dm_init
 .text.dm_scan_platdata
                0x00000000402f7dc4       0x16 drivers/built-in.o
                0x00000000402f7dc4                dm_scan_platdata
 .text.dm_scan_other
                0x00000000402f7dda        0x4 drivers/built-in.o
                0x00000000402f7dda                dm_scan_other
 *fill*         0x00000000402f7dde        0x2 
 .text.dm_init_and_scan
                0x00000000402f7de0       0x3c drivers/built-in.o
                0x00000000402f7de0                dm_init_and_scan
 .text.uclass_get_device_tail.part.6
                0x00000000402f7e1c       0x30 drivers/built-in.o
 .text.uclass_find
                0x00000000402f7e4c       0x2c drivers/built-in.o
                0x00000000402f7e4c                uclass_find
 .text.uclass_get
                0x00000000402f7e78       0xa0 drivers/built-in.o
                0x00000000402f7e78                uclass_get
 .text.uclass_find_device
                0x00000000402f7f18       0x40 drivers/built-in.o
                0x00000000402f7f18                uclass_find_device
 .text.uclass_find_first_device
                0x00000000402f7f58       0x22 drivers/built-in.o
                0x00000000402f7f58                uclass_find_first_device
 .text.uclass_find_next_device
                0x00000000402f7f7a       0x18 drivers/built-in.o
                0x00000000402f7f7a                uclass_find_next_device
 *fill*         0x00000000402f7f92        0x2 
 .text.uclass_find_device_by_seq
                0x00000000402f7f94       0x84 drivers/built-in.o
                0x00000000402f7f94                uclass_find_device_by_seq
 .text.uclass_get_device_tail
                0x00000000402f8018        0xc drivers/built-in.o
                0x00000000402f8018                uclass_get_device_tail
 .text.uclass_get_device
                0x00000000402f8024       0x1c drivers/built-in.o
                0x00000000402f8024                uclass_get_device
 .text.uclass_get_device_by_seq
                0x00000000402f8040       0x34 drivers/built-in.o
                0x00000000402f8040                uclass_get_device_by_seq
 .text.uclass_first_device
                0x00000000402f8074       0x1e drivers/built-in.o
                0x00000000402f8074                uclass_first_device
 .text.uclass_next_device
                0x00000000402f8092       0x24 drivers/built-in.o
                0x00000000402f8092                uclass_next_device
 .text.uclass_bind_device
                0x00000000402f80b6       0x3a drivers/built-in.o
                0x00000000402f80b6                uclass_bind_device
 .text.uclass_resolve_seq
                0x00000000402f80f0       0x6c drivers/built-in.o
                0x00000000402f80f0                uclass_resolve_seq
 .text.uclass_pre_probe_device
                0x00000000402f815c       0x2c drivers/built-in.o
                0x00000000402f815c                uclass_pre_probe_device
 .text.uclass_post_probe_device
                0x00000000402f8188       0x12 drivers/built-in.o
                0x00000000402f8188                uclass_post_probe_device
 .text.dm_dbg   0x00000000402f819a       0x1a drivers/built-in.o
                0x00000000402f819a                dm_dbg
 .text.i2c_post_probe
                0x00000000402f81b4        0x4 drivers/built-in.o
 .text.i2c_child_post_bind
                0x00000000402f81b8        0x4 drivers/built-in.o
 .text.i2c_get_adapter
                0x00000000402f81bc       0x40 drivers/built-in.o
                0x00000000402f81bc                i2c_get_adapter
 .text.i2c_init_bus
                0x00000000402f81fc       0x6c drivers/built-in.o
 .text.i2c_set_bus_num
                0x00000000402f8268       0x88 drivers/built-in.o
                0x00000000402f8268                i2c_set_bus_num
 .text.i2c_probe
                0x00000000402f82f0       0x20 drivers/built-in.o
                0x00000000402f82f0                i2c_probe
 .text.i2c_read
                0x00000000402f8310       0x36 drivers/built-in.o
                0x00000000402f8310                i2c_read
 .text.i2c_write
                0x00000000402f8346       0x36 drivers/built-in.o
                0x00000000402f8346                i2c_write
 .text.i2c_init
                0x00000000402f837c       0x10 drivers/built-in.o
                0x00000000402f837c                i2c_init
 .text.__omap24_i2c_setspeed
                0x00000000402f838c      0x11c drivers/built-in.o
 .text.wait_for_bb
                0x00000000402f84a8       0x58 drivers/built-in.o
 .text.wait_for_event
                0x00000000402f8500       0x50 drivers/built-in.o
 .text.flush_fifo
                0x00000000402f8550       0x2a drivers/built-in.o
 *fill*         0x00000000402f857a        0x2 
 .text.omap24_get_base.isra.0
                0x00000000402f857c       0x34 drivers/built-in.o
 .text.omap24_i2c_setspeed
                0x00000000402f85b0       0x40 drivers/built-in.o
 .text.omap24_i2c_write
                0x00000000402f85f0      0x184 drivers/built-in.o
 .text.omap24_i2c_read
                0x00000000402f8774      0x174 drivers/built-in.o
 .text.omap24_i2c_probe
                0x00000000402f88e8       0xac drivers/built-in.o
 .text.omap24_i2c_init
                0x00000000402f8994      0x19c drivers/built-in.o
 .text.mmc_send_ext_csd
                0x00000000402f8b30       0x2e drivers/built-in.o
 *fill*         0x00000000402f8b5e        0x2 
 .text.mmc_send_op_cond_iter
                0x00000000402f8b60       0x44 drivers/built-in.o
 .text.mmc_go_idle
                0x00000000402f8ba4       0x32 drivers/built-in.o
 .text.mmc_set_capacity
                0x00000000402f8bd6       0x74 drivers/built-in.o
 *fill*         0x00000000402f8c4a        0x2 
 .text.mmc_send_status
                0x00000000402f8c4c       0x84 drivers/built-in.o
                0x00000000402f8c4c                mmc_send_status
 .text.mmc_set_blocklen
                0x00000000402f8cd0       0x26 drivers/built-in.o
                0x00000000402f8cd0                mmc_set_blocklen
 *fill*         0x00000000402f8cf6        0x2 
 .text.mmc_bread
                0x00000000402f8cf8       0xf0 drivers/built-in.o
                0x00000000402f8cf8                mmc_bread
 .text.mmc_switch
                0x00000000402f8de8       0x3e drivers/built-in.o
                0x00000000402f8de8                mmc_switch
 .text.mmc_switch_part
                0x00000000402f8e26       0x40 drivers/built-in.o
                0x00000000402f8e26                mmc_switch_part
 .text.mmc_set_clock
                0x00000000402f8e66       0x1e drivers/built-in.o
                0x00000000402f8e66                mmc_set_clock
 .text.mmc_startup
                0x00000000402f8e84      0x944 drivers/built-in.o
 .text.mmc_start_init
                0x00000000402f97c8      0x164 drivers/built-in.o
                0x00000000402f97c8                mmc_start_init
 .text.mmc_init
                0x00000000402f992c       0xcc drivers/built-in.o
                0x00000000402f992c                mmc_init
 .text.mmc_initialize
                0x00000000402f99f8       0x1c drivers/built-in.o
                0x00000000402f99f8                mmc_initialize
 .text.dm_mmc_set_ios
                0x00000000402f9a14       0x14 drivers/built-in.o
                0x00000000402f9a14                dm_mmc_set_ios
 .text.mmc_set_ios
                0x00000000402f9a28        0x8 drivers/built-in.o
                0x00000000402f9a28                mmc_set_ios
 .text.dm_mmc_get_cd
                0x00000000402f9a30       0x14 drivers/built-in.o
                0x00000000402f9a30                dm_mmc_get_cd
 .text.mmc_getcd
                0x00000000402f9a44        0x8 drivers/built-in.o
                0x00000000402f9a44                mmc_getcd
 .text.mmc_get_mmc_dev
                0x00000000402f9a4c       0x16 drivers/built-in.o
                0x00000000402f9a4c                mmc_get_mmc_dev
 .text.dm_mmc_send_cmd
                0x00000000402f9a62       0x24 drivers/built-in.o
                0x00000000402f9a62                dm_mmc_send_cmd
 .text.mmc_send_cmd
                0x00000000402f9a86        0x8 drivers/built-in.o
                0x00000000402f9a86                mmc_send_cmd
 .text.mmc_berase
                0x00000000402f9a8e        0x4 drivers/built-in.o
 .text.mmc_bwrite
                0x00000000402f9a92        0x4 drivers/built-in.o
 *fill*         0x00000000402f9a96        0x2 
 .text.find_mmc_device
                0x00000000402f9a98       0x30 drivers/built-in.o
                0x00000000402f9a98                find_mmc_device
 .text.mmc_select_hwpartp
                0x00000000402f9ac8       0x36 drivers/built-in.o
 .text.mmc_get_dev
                0x00000000402f9afe       0x1e drivers/built-in.o
 .text.mmc_get_next_devnum
                0x00000000402f9b1c       0x10 drivers/built-in.o
                0x00000000402f9b1c                mmc_get_next_devnum
 .text.mmc_get_blk_desc
                0x00000000402f9b2c        0x4 drivers/built-in.o
                0x00000000402f9b2c                mmc_get_blk_desc
 .text.mmc_do_preinit
                0x00000000402f9b30       0x24 drivers/built-in.o
                0x00000000402f9b30                mmc_do_preinit
 .text.mmc_list_init
                0x00000000402f9b54       0x18 drivers/built-in.o
                0x00000000402f9b54                mmc_list_init
 .text.mmc_list_add
                0x00000000402f9b6c       0x14 drivers/built-in.o
                0x00000000402f9b6c                mmc_list_add
 .text.mmc_create
                0x00000000402f9b80       0x78 drivers/built-in.o
                0x00000000402f9b80                mmc_create
 .text.mmc_reset_controller_fsm
                0x00000000402f9bf8       0x84 drivers/built-in.o
 .text.omap_hsmmc_getwp
                0x00000000402f9c7c       0x12 drivers/built-in.o
 .text.omap_hsmmc_getcd
                0x00000000402f9c8e       0x24 drivers/built-in.o
 *fill*         0x00000000402f9cb2        0x2 
 .text.omap_hsmmc_set_ios
                0x00000000402f9cb4      0x124 drivers/built-in.o
 .text.omap_hsmmc_send_cmd
                0x00000000402f9dd8      0x344 drivers/built-in.o
 .text.mmc_init_stream
                0x00000000402fa11c       0xa0 drivers/built-in.o
                0x00000000402fa11c                mmc_init_stream
 .text.omap_hsmmc_probe
                0x00000000402fa1bc      0x1a8 drivers/built-in.o
 .text.nand_command
                0x00000000402fa364      0x28e drivers/built-in.o
 *fill*         0x00000000402fa5f2        0x2 
 .text.nand_init
                0x00000000402fa5f4       0x40 drivers/built-in.o
                0x00000000402fa5f4                nand_init
 .text.nand_deselect
                0x00000000402fa634       0x20 drivers/built-in.o
                0x00000000402fa634                nand_deselect
 .text.nand_spl_load_image
                0x00000000402fa654      0x178 drivers/built-in.o
                0x00000000402fa654                nand_spl_load_image
 .text.nand_read_buf
                0x00000000402fa7cc       0x1c drivers/built-in.o
                0x00000000402fa7cc                nand_read_buf
 .text.nand_read_buf16
                0x00000000402fa7e8       0x20 drivers/built-in.o
                0x00000000402fa7e8                nand_read_buf16
 .text.nand_wait_status_ready.constprop.22
                0x00000000402fa808       0x2a drivers/built-in.o
 .text.nand_wait_ready
                0x00000000402fa832       0x32 drivers/built-in.o
                0x00000000402fa832                nand_wait_ready
 .text.omap_nand_hwcontrol
                0x00000000402fa864       0x58 drivers/built-in.o
 .text.omap_dev_ready
                0x00000000402fa8bc       0x1c drivers/built-in.o
 .text.omap_enable_hwecc
                0x00000000402fa8d8       0x98 drivers/built-in.o
 .text.omap_calculate_ecc
                0x00000000402fa970      0x10c drivers/built-in.o
 .text.omap_reverse_list
                0x00000000402faa7c       0x1e drivers/built-in.o
 .text.omap_read_page_bch
                0x00000000402faa9a      0x128 drivers/built-in.o
 *fill*         0x00000000402fabc2        0x2 
 .text.omap_correct_data_bch
                0x00000000402fabc4      0x12c drivers/built-in.o
 .text.omap_nand_read_prefetch
                0x00000000402facf0      0x108 drivers/built-in.o
 .text.board_nand_init
                0x00000000402fadf8      0x174 drivers/built-in.o
                0x00000000402fadf8                board_nand_init
 .text.elm_check_error
                0x00000000402faf6c      0x178 drivers/built-in.o
                0x00000000402faf6c                elm_check_error
 .text.elm_config
                0x00000000402fb0e4       0x48 drivers/built-in.o
                0x00000000402fb0e4                elm_config
 .text.elm_reset
                0x00000000402fb12c       0x28 drivers/built-in.o
                0x00000000402fb12c                elm_reset
 .text.elm_init
                0x00000000402fb154       0x14 drivers/built-in.o
                0x00000000402fb154                elm_init
 .text._serial_putc
                0x00000000402fb168       0x22 drivers/built-in.o
 .text.serial_post_probe
                0x00000000402fb18a       0x16 drivers/built-in.o
 .text.serial_pre_remove
                0x00000000402fb1a0        0x4 drivers/built-in.o
 .text.serial_init
                0x00000000402fb1a4       0x50 drivers/built-in.o
                0x00000000402fb1a4                serial_init
 .text.serial_putc
                0x00000000402fb1f4       0x14 drivers/built-in.o
                0x00000000402fb1f4                serial_putc
 .text.serial_getc
                0x00000000402fb208       0x2a drivers/built-in.o
                0x00000000402fb208                serial_getc
 .text.serial_tstc
                0x00000000402fb232       0x20 drivers/built-in.o
                0x00000000402fb232                serial_tstc
 .text.ns16550_writeb.isra.2
                0x00000000402fb252       0x16 drivers/built-in.o
 .text.NS16550_setbrg
                0x00000000402fb268       0x34 drivers/built-in.o
 .text.ns16550_serial_setbrg
                0x00000000402fb29c       0x24 drivers/built-in.o
 .text.ns16550_readb.isra.3
                0x00000000402fb2c0       0x14 drivers/built-in.o
 .text.ns16550_serial_pending
                0x00000000402fb2d4       0x28 drivers/built-in.o
 .text.ns16550_serial_putc
                0x00000000402fb2fc       0x34 drivers/built-in.o
 .text.ns16550_serial_getc
                0x00000000402fb330       0x26 drivers/built-in.o
 .text.NS16550_init
                0x00000000402fb356       0x54 drivers/built-in.o
                0x00000000402fb356                NS16550_init
 .text.ns16550_serial_probe
                0x00000000402fb3aa       0x20 drivers/built-in.o
                0x00000000402fb3aa                ns16550_serial_probe
 .text.gpio_to_device
                0x00000000402fb3ca       0x48 drivers/built-in.o
 *fill*         0x00000000402fb412        0x2 
 .text.check_reserved
                0x00000000402fb414       0x4c drivers/built-in.o
 .text.gpio_renumber
                0x00000000402fb460       0x44 drivers/built-in.o
 .text.gpio_pre_remove
                0x00000000402fb4a4       0x12 drivers/built-in.o
 .text.gpio_post_probe
                0x00000000402fb4b6       0x24 drivers/built-in.o
 .text.dm_gpio_request
                0x00000000402fb4da       0x5c drivers/built-in.o
                0x00000000402fb4da                dm_gpio_request
 .text.gpio_request
                0x00000000402fb536       0x18 drivers/built-in.o
                0x00000000402fb536                gpio_request
 *fill*         0x00000000402fb54e        0x2 
 .text.gpio_direction_output
                0x00000000402fb550       0x2c drivers/built-in.o
                0x00000000402fb550                gpio_direction_output
 .text.dm_gpio_get_value
                0x00000000402fb57c       0x2c drivers/built-in.o
                0x00000000402fb57c                dm_gpio_get_value
 .text.omap_gpio_get_function
                0x00000000402fb5a8       0x1e drivers/built-in.o
 .text.omap_gpio_direction_output
                0x00000000402fb5c6       0x2e drivers/built-in.o
 .text.omap_gpio_probe
                0x00000000402fb5f4       0x28 drivers/built-in.o
 .text.omap_gpio_bind
                0x00000000402fb61c       0x42 drivers/built-in.o
 .text.omap_gpio_direction_input
                0x00000000402fb65e       0x1e drivers/built-in.o
 .text.omap_gpio_get_value
                0x00000000402fb67c       0x2c drivers/built-in.o
 .text.omap_gpio_set_value
                0x00000000402fb6a8       0x24 drivers/built-in.o
 .text.tps65217_reg_read
                0x00000000402fb6cc       0x16 drivers/built-in.o
                0x00000000402fb6cc                tps65217_reg_read
 .text.tps65217_reg_write
                0x00000000402fb6e2       0x9a drivers/built-in.o
                0x00000000402fb6e2                tps65217_reg_write
 .text.tps65217_voltage_update
                0x00000000402fb77c       0x34 drivers/built-in.o
                0x00000000402fb77c                tps65217_voltage_update
 .text.tps65910_set_i2c_control
                0x00000000402fb7b0       0x36 drivers/built-in.o
                0x00000000402fb7b0                tps65910_set_i2c_control
 .text.tps65910_voltage_update
                0x00000000402fb7e6       0x96 drivers/built-in.o
                0x00000000402fb7e6                tps65910_voltage_update
 .text.musb_free_request
                0x00000000402fb87c        0x2 drivers/built-in.o
                0x00000000402fb87c                musb_free_request
 .text.musb_gadget_get_frame
                0x00000000402fb87e        0xe drivers/built-in.o
 .text.musb_gadget_wakeup
                0x00000000402fb88c        0x4 drivers/built-in.o
 .text.musb_gadget_set_self_powered
                0x00000000402fb890       0x16 drivers/built-in.o
 .text.musb_gadget_vbus_draw
                0x00000000402fb8a6        0x4 drivers/built-in.o
 *fill*         0x00000000402fb8aa        0x2 
 .text.musb_gadget_fifo_flush
                0x00000000402fb8ac       0x64 drivers/built-in.o
 .text.musb_gadget_fifo_status
                0x00000000402fb910       0x34 drivers/built-in.o
 .text.musb_gadget_enable
                0x00000000402fb944      0x1f8 drivers/built-in.o
 .text.txstate  0x00000000402fbb3c       0xdc drivers/built-in.o
 .text.musb_alloc_request
                0x00000000402fbc18       0x34 drivers/built-in.o
                0x00000000402fbc18                musb_alloc_request
 .text.init_peripheral_ep
                0x00000000402fbc4c       0xb4 drivers/built-in.o
 .text.musb_gadget_pullup
                0x00000000402fbd00       0x60 drivers/built-in.o
 .text.musb_g_giveback
                0x00000000402fbd60       0x64 drivers/built-in.o
                0x00000000402fbd60                musb_g_giveback
 .text.rxstate  0x00000000402fbdc4       0xd4 drivers/built-in.o
 .text.musb_gadget_dequeue
                0x00000000402fbe98       0x60 drivers/built-in.o
 .text.musb_gadget_disable
                0x00000000402fbef8       0x84 drivers/built-in.o
 .text.musb_g_tx
                0x00000000402fbf7c      0x110 drivers/built-in.o
                0x00000000402fbf7c                musb_g_tx
 .text.musb_g_rx
                0x00000000402fc08c       0xb8 drivers/built-in.o
                0x00000000402fc08c                musb_g_rx
 .text.musb_ep_restart
                0x00000000402fc144       0x5c drivers/built-in.o
                0x00000000402fc144                musb_ep_restart
 .text.musb_gadget_set_halt
                0x00000000402fc1a0      0x108 drivers/built-in.o
 .text.musb_gadget_queue
                0x00000000402fc2a8       0xb8 drivers/built-in.o
 .text.musb_gadget_setup
                0x00000000402fc360       0x8c drivers/built-in.o
                0x00000000402fc360                musb_gadget_setup
 .text.musb_g_ep0_enable
                0x00000000402fc3ec        0x6 drivers/built-in.o
 .text.musb_g_ep0_disable
                0x00000000402fc3f2        0x6 drivers/built-in.o
 .text.musb_g_ep0_dequeue
                0x00000000402fc3f8        0x6 drivers/built-in.o
 *fill*         0x00000000402fc3fe        0x2 
 .text.musb_g_ep0_halt
                0x00000000402fc400       0x7c drivers/built-in.o
 .text.ep0_txstate
                0x00000000402fc47c       0xac drivers/built-in.o
 .text.musb_g_ep0_queue
                0x00000000402fc528      0x104 drivers/built-in.o
 .text.musb_g_ep0_irq
                0x00000000402fc62c      0x720 drivers/built-in.o
                0x00000000402fc62c                musb_g_ep0_irq
 .text.fifo_setup
                0x00000000402fcd4c      0x10e drivers/built-in.o
 *fill*         0x00000000402fce5a        0x2 
 .text.musb_write_fifo
                0x00000000402fce5c       0x90 drivers/built-in.o
                0x00000000402fce5c                musb_write_fifo
 .text.musb_read_fifo
                0x00000000402fceec       0x90 drivers/built-in.o
                0x00000000402fceec                musb_read_fifo
 .text.musb_load_testpacket
                0x00000000402fcf7c       0x24 drivers/built-in.o
                0x00000000402fcf7c                musb_load_testpacket
 .text.musb_interrupt
                0x00000000402fcfa0      0x110 drivers/built-in.o
                0x00000000402fcfa0                musb_interrupt
 .text.musb_init_controller
                0x00000000402fd0b0      0x58c drivers/built-in.o
                0x00000000402fd0b0                musb_init_controller
 .text.musb_register
                0x00000000402fd63c       0x3c drivers/built-in.o
                0x00000000402fd63c                musb_register
 .text.musb_h_tx_flush_fifo
                0x00000000402fd678       0x5c drivers/built-in.o
 .text.musb_h_ep0_flush_fifo
                0x00000000402fd6d4       0x38 drivers/built-in.o
 .text.musb_giveback.isra.12
                0x00000000402fd70c       0x60 drivers/built-in.o
 .text.musb_start_urb
                0x00000000402fd76c      0x448 drivers/built-in.o
 .text.musb_advance_schedule
                0x00000000402fdbb4      0x140 drivers/built-in.o
 .text.musb_h_ep0_irq
                0x00000000402fdcf4      0x270 drivers/built-in.o
                0x00000000402fdcf4                musb_h_ep0_irq
 .text.musb_host_tx
                0x00000000402fdf64      0x194 drivers/built-in.o
                0x00000000402fdf64                musb_host_tx
 .text.musb_host_rx
                0x00000000402fe0f8      0x370 drivers/built-in.o
                0x00000000402fe0f8                musb_host_rx
 .text.dsps_musb_enable
                0x00000000402fe468       0x1c drivers/built-in.o
 .text.dsps_musb_disable
                0x00000000402fe484        0x2 drivers/built-in.o
 *fill*         0x00000000402fe486        0x2 
 .text.dsps_musb_init
                0x00000000402fe488       0x50 drivers/built-in.o
 .text.dsps_musb_exit
                0x00000000402fe4d8       0x14 drivers/built-in.o
 .text.dsps_interrupt
                0x00000000402fe4ec       0x70 drivers/built-in.o
 .text.hw_watchdog_reset
                0x00000000402fe55c       0x30 drivers/built-in.o
                0x00000000402fe55c                hw_watchdog_reset
 .text.hw_watchdog_disable
                0x00000000402fe58c       0x34 drivers/built-in.o
                0x00000000402fe58c                hw_watchdog_disable
 .text.hw_watchdog_init
                0x00000000402fe5c0       0x78 drivers/built-in.o
                0x00000000402fe5c0                hw_watchdog_init
 .text.get_desc
                0x00000000402fe638       0x36 drivers/built-in.o
 *fill*         0x00000000402fe66e        0x2 
 .text.blk_driver_lookup_type
                0x00000000402fe670       0x2c drivers/built-in.o
                0x00000000402fe670                blk_driver_lookup_type
 .text.blk_dselect_hwpart
                0x00000000402fe69c       0x24 drivers/built-in.o
                0x00000000402fe69c                blk_dselect_hwpart
 .text.blk_get_devnum_by_typename
                0x00000000402fe6c0       0x48 drivers/built-in.o
                0x00000000402fe6c0                blk_get_devnum_by_typename
 .text.downcase
                0x00000000402fe708       0x20 fs/built-in.o
 .text.disk_read
                0x00000000402fe728       0x30 fs/built-in.o
 .text.mkcksum  0x00000000402fe758       0x34 fs/built-in.o
 .text.disk_write
                0x00000000402fe78c       0x4c fs/built-in.o
 .text.flush_dirty_fat_buffer
                0x00000000402fe7d8       0x88 fs/built-in.o
 .text.get_fatent
                0x00000000402fe860      0x138 fs/built-in.o
 .text.get_cluster
                0x00000000402fe998      0x114 fs/built-in.o
 .text.get_name
                0x00000000402feaac       0x70 fs/built-in.o
 .text.read_bootsectandvi
                0x00000000402feb1c       0xc0 fs/built-in.o
 .text.slot2str
                0x00000000402febdc       0x58 fs/built-in.o
 .text.get_vfatname
                0x00000000402fec34      0x134 fs/built-in.o
 .text.fat_set_blk_dev
                0x00000000402fed68       0x8c fs/built-in.o
                0x00000000402fed68                fat_set_blk_dev
 .text.fat_register_device
                0x00000000402fedf4       0x54 fs/built-in.o
                0x00000000402fedf4                fat_register_device
 .text.do_fat_read_at
                0x00000000402fee48      0xa84 fs/built-in.o
                0x00000000402fee48                do_fat_read_at
 .text.file_fat_read_at
                0x00000000402ff8cc       0x3c fs/built-in.o
                0x00000000402ff8cc                file_fat_read_at
 .text.file_fat_read
                0x00000000402ff908       0x22 fs/built-in.o
                0x00000000402ff908                file_fat_read
 *fill*         0x00000000402ff92a        0x2 
 .text.fat_read_file
                0x00000000402ff92c       0x30 fs/built-in.o
                0x00000000402ff92c                fat_read_file
 .text.get_fs   0x00000000402ff95c        0x8 fs/built-in.o
                0x00000000402ff95c                get_fs
 .text.ext4fs_free_node
                0x00000000402ff964        0x2 fs/built-in.o
                0x00000000402ff964                ext4fs_free_node
 *fill*         0x00000000402ff966        0x2 
 .text.ext4fs_read_file
                0x00000000402ff968      0x278 fs/built-in.o
                0x00000000402ff968                ext4fs_read_file
 .text.ext4fs_read
                0x00000000402ffbe0       0x38 fs/built-in.o
                0x00000000402ffbe0                ext4fs_read
 .text.ext4fs_bg_get_inode_table_id
                0x00000000402ffc18       0x1c fs/built-in.o
                0x00000000402ffc18                ext4fs_bg_get_inode_table_id
 .text.ext4fs_read_inode
                0x00000000402ffc34      0x100 fs/built-in.o
                0x00000000402ffc34                ext4fs_read_inode
 .text.read_allocated_block
                0x00000000402ffd34      0x630 fs/built-in.o
                0x00000000402ffd34                read_allocated_block
 .text.ext4fs_iterate_dir
                0x0000000040300364      0x1d0 fs/built-in.o
                0x0000000040300364                ext4fs_iterate_dir
 .text.ext4fs_find_file1
                0x0000000040300534      0x1c8 fs/built-in.o
 .text.ext4fs_find_file
                0x00000000403006fc       0x40 fs/built-in.o
                0x00000000403006fc                ext4fs_find_file
 .text.ext4fs_open
                0x000000004030073c       0x68 fs/built-in.o
                0x000000004030073c                ext4fs_open
 .text.ext4fs_mount
                0x00000000403007a4       0xb4 fs/built-in.o
                0x00000000403007a4                ext4fs_mount
 .text.ext4fs_set_blk_dev
                0x0000000040300858       0x70 fs/built-in.o
                0x0000000040300858                ext4fs_set_blk_dev
 .text.ext4fs_devread
                0x00000000403008c8      0x1c8 fs/built-in.o
                0x00000000403008c8                ext4fs_devread
 .text.ext4_read_superblock
                0x0000000040300a90       0x2a fs/built-in.o
                0x0000000040300a90                ext4_read_superblock
 *fill*         0x0000000040300aba        0x2 
 .text.__ashldi3
                0x0000000040300abc       0x20 arch/arm/lib/lib.a(ashldi3.o)
                0x0000000040300abc                __ashldi3
                0x0000000040300abc                __aeabi_llsl
 .text.__udivsi3
                0x0000000040300adc       0x9c arch/arm/lib/lib.a(lib1funcs.o)
                0x0000000040300adc                __udivsi3
                0x0000000040300adc                __aeabi_uidiv
 .text.__divsi3
                0x0000000040300b78       0xcc arch/arm/lib/lib.a(lib1funcs.o)
                0x0000000040300b78                __aeabi_idiv
                0x0000000040300b78                __divsi3
 .text.__aeabi_uidivmod
                0x0000000040300c44       0x30 arch/arm/lib/lib.a(lib1funcs.o)
                0x0000000040300c44                __aeabi_uidivmod
                0x0000000040300c5c                __aeabi_idivmod
 .text.Ldiv0    0x0000000040300c74       0x10 arch/arm/lib/lib.a(lib1funcs.o)
 .text.__lshldi3
                0x0000000040300c84       0x20 arch/arm/lib/lib.a(lshrdi3.o)
                0x0000000040300c84                __aeabi_llsr
                0x0000000040300c84                __lshrdi3
 .text.__div0   0x0000000040300ca4        0x4 arch/arm/lib/lib.a(div0.o)
                0x0000000040300ca4                __div0

.glue_7         0x0000000040300ca8        0x0
 .glue_7        0x0000000040300ca8        0x0 linker stubs

.glue_7t        0x0000000040300ca8        0x0
 .glue_7t       0x0000000040300ca8        0x0 linker stubs

.vfp11_veneer   0x0000000040300ca8        0x0
 .vfp11_veneer  0x0000000040300ca8        0x0 linker stubs

.v4_bx          0x0000000040300ca8        0x0
 .v4_bx         0x0000000040300ca8        0x0 linker stubs

.iplt           0x0000000040300ca8        0x0
 .iplt          0x0000000040300ca8        0x0 arch/arm/cpu/armv7/start.o
                0x0000000040300ca8                . = ALIGN (0x4)

.rodata         0x0000000040300ca8     0xa34a
 *(SORT(.rodata*))
 .rodata.am335x_mmc0_platdata
                0x0000000040300ca8      0x180 board/ti/am335x/built-in.o
 .rodata.am335x_mmc1_platdata
                0x0000000040300e28      0x180 board/ti/am335x/built-in.o
 .rodata        0x0000000040300fa8       0xa0 arch/arm/mach-omap2/built-in.o
 .rodata.dpll_core_regs
                0x0000000040301048       0x24 arch/arm/mach-omap2/built-in.o
                0x0000000040301048                dpll_core_regs
 .rodata.dpll_mpu_opp
                0x000000004030106c      0x180 arch/arm/mach-omap2/built-in.o
                0x000000004030106c                dpll_mpu_opp
 .rodata.dpll_ddr3_400MHz
                0x00000000403011ec       0x40 arch/arm/mach-omap2/built-in.o
                0x00000000403011ec                dpll_ddr3_400MHz
 .rodata.dpll_per_regs
                0x000000004030122c       0x24 arch/arm/mach-omap2/built-in.o
                0x000000004030122c                dpll_per_regs
 .rodata.dpll_ddr3_303MHz
                0x0000000040301250       0x40 arch/arm/mach-omap2/built-in.o
                0x0000000040301250                dpll_ddr3_303MHz
 .rodata.dpll_mpu_regs
                0x0000000040301290       0x24 arch/arm/mach-omap2/built-in.o
                0x0000000040301290                dpll_mpu_regs
 .rodata.cmwkup
                0x00000000403012b4        0x4 arch/arm/mach-omap2/built-in.o
                0x00000000403012b4                cmwkup
 .rodata.dpll_ddr2_266MHz
                0x00000000403012b8       0x40 arch/arm/mach-omap2/built-in.o
                0x00000000403012b8                dpll_ddr2_266MHz
 .rodata.dpll_per_192MHz
                0x00000000403012f8       0x40 arch/arm/mach-omap2/built-in.o
                0x00000000403012f8                dpll_per_192MHz
 .rodata.dpll_ddr_regs
                0x0000000040301338       0x24 arch/arm/mach-omap2/built-in.o
                0x0000000040301338                dpll_ddr_regs
 .rodata.dpll_core_1000MHz
                0x000000004030135c       0x40 arch/arm/mach-omap2/built-in.o
                0x000000004030135c                dpll_core_1000MHz
 .rodata.ddr_data_reg
                0x000000004030139c        0x8 arch/arm/mach-omap2/built-in.o
 .rodata.ddr_cmd_reg
                0x00000000403013a4        0x8 arch/arm/mach-omap2/built-in.o
 .rodata.emif_reg
                0x00000000403013ac        0x8 arch/arm/mach-omap2/built-in.o
 .rodata.vtpreg
                0x00000000403013b4        0x8 arch/arm/mach-omap2/built-in.o
 .rodata.am33xx_gpio
                0x00000000403013bc       0x30 arch/arm/mach-omap2/built-in.o
 .rodata.am33xx_serial
                0x00000000403013ec       0x78 arch/arm/mach-omap2/built-in.o
 .rodata.am33xx_ctrl
                0x0000000040301464      0x1c8 arch/arm/mach-omap2/built-in.o
                0x0000000040301464                am33xx_ctrl
 .rodata.ddr2_evm_emif_reg_data
                0x000000004030162c       0x70 board/ti/am335x/built-in.o
 .rodata.ddr3_evm_data
                0x000000004030169c       0x18 board/ti/am335x/built-in.o
 .rodata.ddr3_evm_cmd_ctrl_data
                0x00000000403016b4       0x30 board/ti/am335x/built-in.o
 .rodata.ddr3_beagleblack_data
                0x00000000403016e4       0x18 board/ti/am335x/built-in.o
 .rodata.ddr2_data
                0x00000000403016fc       0x18 board/ti/am335x/built-in.o
 .rodata.ioregs_evmsk
                0x0000000040301714       0x20 board/ti/am335x/built-in.o
                0x0000000040301714                ioregs_evmsk
 .rodata.ddr2_emif_reg_data
                0x0000000040301734       0x70 board/ti/am335x/built-in.o
 .rodata.ddr3_cmd_ctrl_data
                0x00000000403017a4       0x30 board/ti/am335x/built-in.o
 .rodata.ddr3_icev2_cmd_ctrl_data
                0x00000000403017d4       0x30 board/ti/am335x/built-in.o
 .rodata.ddr3_icev2_data
                0x0000000040301804       0x18 board/ti/am335x/built-in.o
 .rodata.ddr3_beagleblack_cmd_ctrl_data
                0x000000004030181c       0x30 board/ti/am335x/built-in.o
 .rodata.ioregs
                0x000000004030184c       0x20 board/ti/am335x/built-in.o
                0x000000004030184c                ioregs
 .rodata.ddr2_cmd_ctrl_data
                0x000000004030186c       0x30 board/ti/am335x/built-in.o
 .rodata.ioregs_bonelt
                0x000000004030189c       0x20 board/ti/am335x/built-in.o
                0x000000004030189c                ioregs_bonelt
 .rodata.ddr3_data
                0x00000000403018bc       0x18 board/ti/am335x/built-in.o
 .rodata.ioregs_evm15
                0x00000000403018d4       0x20 board/ti/am335x/built-in.o
                0x00000000403018d4                ioregs_evm15
 .rodata.CSWTCH.44
                0x00000000403018f4       0x20 common/built-in.o
 .rodata.env_flags_varaccess_mask
                0x0000000040301914       0x10 env/built-in.o
 .rodata.fdt_errtable
                0x0000000040301924       0x48 lib/built-in.o
 .rodata.crc_table
                0x000000004030196c      0x400 lib/built-in.o
 .rodata.CSWTCH.47
                0x0000000040301d6c       0x20 disk/built-in.o
 .rodata.root_info
                0x0000000040301d8c        0x8 drivers/built-in.o
 .rodata.fbase  0x0000000040301d94       0x10 drivers/built-in.o
 .rodata.sd_au_size
                0x0000000040301da4       0x40 drivers/built-in.o
 .rodata.ext_to_hostcaps.10181
                0x0000000040301de4       0x1c drivers/built-in.o
 .rodata.ext_csd_bits.10180
                0x0000000040301e00       0x14 drivers/built-in.o
 .rodata.widths.10182
                0x0000000040301e14       0x14 drivers/built-in.o
 .rodata.omap_hsmmc_ops
                0x0000000040301e28       0x10 drivers/built-in.o
 .rodata.nand_ecc_pos
                0x0000000040301e38       0xe0 drivers/built-in.o
 .rodata.ns16550_serial_ops
                0x0000000040301f18       0x14 drivers/built-in.o
                0x0000000040301f18                ns16550_serial_ops
 .rodata.gpio_omap_ops
                0x0000000040301f2c       0x28 drivers/built-in.o
 .rodata.omap_gpio_ids
                0x0000000040301f54       0x20 drivers/built-in.o
 .rodata.musb_ep_ops
                0x0000000040301f74       0x28 drivers/built-in.o
 .rodata.musb_gadget_operations
                0x0000000040301f9c       0x24 drivers/built-in.o
 .rodata.musb_g_ep0_ops
                0x0000000040301fc0       0x28 drivers/built-in.o
                0x0000000040301fc0                musb_g_ep0_ops
 .rodata.CSWTCH.19
                0x0000000040301fe8       0x1c drivers/built-in.o
 .rodata.crc16_tab
                0x0000000040302004      0x200 lib/built-in.o
 .rodata.str1.1
                0x0000000040302204      0x307 arch/arm/mach-omap2/built-in.o
                                        0x309 (size before relaxing)
 .rodata.str1.1
                0x000000004030250b      0x2fd arch/arm/lib/built-in.o
                                        0x344 (size before relaxing)
 .rodata.str1.1
                0x0000000040302808      0x18c board/ti/am335x/built-in.o
                                        0x1bf (size before relaxing)
 .rodata.str1.1
                0x0000000040302994       0x69 board/ti/common/built-in.o
                                         0x6e (size before relaxing)
 .rodata.str1.1
                0x00000000403029fd      0x900 common/spl/built-in.o
                                        0xa92 (size before relaxing)
 .rodata.__func__.8081
                0x00000000403032fd       0x14 common/spl/built-in.o
 .rodata.__func__.8171
                0x0000000040303311       0x13 common/spl/built-in.o
 .rodata.__func__.8180
                0x0000000040303324       0x16 common/spl/built-in.o
 .rodata.__func__.8151
                0x000000004030333a       0x18 common/spl/built-in.o
 .rodata.__func__.8289
                0x0000000040303352       0x13 common/spl/built-in.o
 .rodata.__func__.8301
                0x0000000040303365       0x16 common/spl/built-in.o
 .rodata.str1.1
                0x000000004030337b     0x258d common/built-in.o
                                       0x2761 (size before relaxing)
 .rodata.__func__.8032
                0x0000000040305908       0x15 common/built-in.o
 .rodata.__func__.8816
                0x000000004030591d       0x18 common/built-in.o
 .rodata.__FUNCTION__.8951
                0x0000000040305935       0x17 common/built-in.o
 .rodata.__func__.8136
                0x000000004030594c        0xe common/built-in.o
 .rodata.str1.1
                0x000000004030595a       0xeb cmd/built-in.o
 .rodata        0x0000000040305a45        0x3 env/built-in.o
 .rodata.__func__.8205
                0x0000000040305a48        0xb env/built-in.o
 .rodata.default_environment
                0x0000000040305a53       0xe1 env/built-in.o
                0x0000000040305a53                default_environment
 .rodata.str1.1
                0x0000000040305b34      0x513 env/built-in.o
                                        0x518 (size before relaxing)
 .rodata.__func__.8189
                0x0000000040306047       0x10 env/built-in.o
 .rodata.__func__.8127
                0x0000000040306057       0x1a env/built-in.o
 .rodata.__func__.8133
                0x0000000040306071        0xd env/built-in.o
 .rodata.__func__.8139
                0x000000004030607e        0x9 env/built-in.o
 .rodata.__func__.8151
                0x0000000040306087        0x9 env/built-in.o
 .rodata.env_flags_varaccess_rep
                0x0000000040306090        0x5 env/built-in.o
 .rodata.env_flags_vartype_rep
                0x0000000040306095        0x7 env/built-in.o
 .rodata        0x000000004030609c       0x20 lib/built-in.o
 .rodata.str1.1
                0x00000000403060bc      0x80e lib/built-in.o
                                        0x88f (size before relaxing)
 .rodata._ctype
                0x00000000403068ca      0x100 lib/built-in.o
                0x00000000403068ca                _ctype
 .rodata.__func__.8130
                0x00000000403069ca        0x6 lib/built-in.o
 .rodata.__func__.7972
                0x00000000403069d0       0x10 lib/built-in.o
 .rodata.__func__.8051
                0x00000000403069e0        0xf disk/built-in.o
 .rodata.__func__.8110
                0x00000000403069ef        0xa disk/built-in.o
 .rodata.str1.1
                0x00000000403069f9      0xe3e disk/built-in.o
                                        0xe82 (size before relaxing)
 .rodata.__func__.8944
                0x0000000040307837        0xd disk/built-in.o
 .rodata.__func__.8953
                0x0000000040307844       0x17 disk/built-in.o
 .rodata.__func__.8958
                0x000000004030785b        0xd disk/built-in.o
 .rodata.__func__.8803
                0x0000000040307868       0x12 disk/built-in.o
 .rodata.str1.1
                0x000000004030787a     0x2323 drivers/built-in.o
                                       0x24ba (size before relaxing)
 .rodata.__func__.9849
                0x0000000040309b9d        0xd drivers/built-in.o
 .rodata.__func__.9808
                0x0000000040309baa       0x13 drivers/built-in.o
 .rodata.__func__.9676
                0x0000000040309bbd       0x1a drivers/built-in.o
 .rodata.__func__.9734
                0x0000000040309bd7       0x17 drivers/built-in.o
 .rodata.__func__.10106
                0x0000000040309bee       0x14 drivers/built-in.o
 .rodata.__func__.9855
                0x0000000040309c02       0x13 drivers/built-in.o
 .rodata.__func__.10212
                0x0000000040309c15        0x9 drivers/built-in.o
 .rodata.multipliers
                0x0000000040309c1e       0x10 drivers/built-in.o
 .rodata.__func__.9957
                0x0000000040309c2e        0xa drivers/built-in.o
 .rodata.__func__.10999
                0x0000000040309c38       0x13 drivers/built-in.o
 .rodata.__func__.10931
                0x0000000040309c4b        0xf drivers/built-in.o
 .rodata.__func__.10768
                0x0000000040309c5a       0x16 drivers/built-in.o
 .rodata.__func__.10832
                0x0000000040309c70       0x19 drivers/built-in.o
 .rodata.__func__.10896
                0x0000000040309c89        0xe drivers/built-in.o
 .rodata.__func__.10848
                0x0000000040309c97       0x14 drivers/built-in.o
 .rodata.__func__.10737
                0x0000000040309cab       0x10 drivers/built-in.o
 .rodata.__func__.11453
                0x0000000040309cbb        0xf drivers/built-in.o
 .rodata.musb_driver_name
                0x0000000040309cca        0xa drivers/built-in.o
                0x0000000040309cca                musb_driver_name
 .rodata.musb_test_packet
                0x0000000040309cd4       0x35 drivers/built-in.o
 .rodata.__FUNCTION__.11324
                0x0000000040309d09       0x12 drivers/built-in.o
 .rodata.__func__.11313
                0x0000000040309d1b        0xf drivers/built-in.o
 .rodata.__func__.11377
                0x0000000040309d2a       0x14 drivers/built-in.o
 .rodata.__func__.11439
                0x0000000040309d3e        0xd drivers/built-in.o
 .rodata.__func__.11391
                0x0000000040309d4b        0xf drivers/built-in.o
 .rodata.__func__.11354
                0x0000000040309d5a       0x10 drivers/built-in.o
 .rodata.str1.1
                0x0000000040309d6a     0x1266 fs/built-in.o
                                       0x1313 (size before relaxing)
 .rodata.__func__.8426
                0x000000004030afd0        0xf fs/built-in.o
 .rodata.__func__.8415
                0x000000004030afdf       0x13 fs/built-in.o

.rel.dyn        0x000000004030aff4        0x0
 .rel.iplt      0x000000004030aff4        0x0 arch/arm/cpu/armv7/start.o
                0x000000004030aff4                . = ALIGN (0x4)

.data           0x000000004030aff4      0x86a
 *(SORT(.data*))
 .data.dpll_mpu_opp100
                0x000000004030aff4       0x10 arch/arm/mach-omap2/built-in.o
                0x000000004030aff4                dpll_mpu_opp100
 .data.cstat    0x000000004030b004        0x4 arch/arm/mach-omap2/built-in.o
                0x000000004030b004                cstat
 .data.musb_config
                0x000000004030b008       0x18 arch/arm/mach-omap2/built-in.o
 .data.otg1_board_data
                0x000000004030b020       0x14 arch/arm/mach-omap2/built-in.o
                0x000000004030b020                otg1_board_data
 .data.otg1_plat
                0x000000004030b034       0x20 arch/arm/mach-omap2/built-in.o
 .data.otg0_board_data
                0x000000004030b054       0x14 arch/arm/mach-omap2/built-in.o
                0x000000004030b054                otg0_board_data
 .data.otg0_plat
                0x000000004030b068       0x20 arch/arm/mach-omap2/built-in.o
 .data.ctrl     0x000000004030b088        0x4 arch/arm/mach-omap2/built-in.o
                0x000000004030b088                ctrl
 .data.gpmc_cfg
                0x000000004030b08c        0x4 arch/arm/mach-omap2/built-in.o
                0x000000004030b08c                gpmc_cfg
 .data.spi0_pin_mux
                0x000000004030b090       0x28 board/ti/am335x/built-in.o
 .data.gpio0_18_pin_mux
                0x000000004030b0b8       0x10 board/ti/am335x/built-in.o
 .data.nand_pin_mux
                0x000000004030b0c8       0x80 board/ti/am335x/built-in.o
 .data.rmii1_pin_mux
                0x000000004030b148       0x58 board/ti/am335x/built-in.o
 .data.mmc1_pin_mux
                0x000000004030b1a0       0x48 board/ti/am335x/built-in.o
 .data.mii1_pin_mux
                0x000000004030b1e8       0x80 board/ti/am335x/built-in.o
 .data.i2c0_pin_mux
                0x000000004030b268       0x18 board/ti/am335x/built-in.o
 .data.gpio0_7_pin_mux
                0x000000004030b280       0x10 board/ti/am335x/built-in.o
 .data.mmc0_pin_mux_sk_evm
                0x000000004030b290       0x40 board/ti/am335x/built-in.o
 .data.uart3_icev2_pin_mux
                0x000000004030b2d0       0x18 board/ti/am335x/built-in.o
 .data.rgmii1_pin_mux
                0x000000004030b2e8       0x78 board/ti/am335x/built-in.o
 .data.mmc0_no_cd_pin_mux
                0x000000004030b360       0x40 board/ti/am335x/built-in.o
 .data.i2c1_pin_mux
                0x000000004030b3a0       0x18 board/ti/am335x/built-in.o
 .data.mmc0_pin_mux
                0x000000004030b3b8       0x48 board/ti/am335x/built-in.o
 .data.uart0_pin_mux
                0x000000004030b400       0x18 board/ti/am335x/built-in.o
 .data.ddr3_evm_emif_reg_data
                0x000000004030b418       0x70 board/ti/am335x/built-in.o
 .data.ddr3_emif_reg_data
                0x000000004030b488       0x70 board/ti/am335x/built-in.o
 .data.ddr3_beagleblack_emif_reg_data
                0x000000004030b4f8       0x70 board/ti/am335x/built-in.o
 .data.ddr3_icev2_emif_reg_data
                0x000000004030b568       0x70 board/ti/am335x/built-in.o
 .data          0x000000004030b5d8       0x50 common/spl/built-in.o
 .data.zm_out   0x000000004030b628        0x4 common/built-in.o
 .data.env_htab
                0x000000004030b62c       0x10 env/built-in.o
                0x000000004030b62c                env_htab
 .data.first_call
                0x000000004030b63c        0x8 env/built-in.o
 .data.cur_dev_num
                0x000000004030b644        0x4 drivers/built-in.o
 .data.musb_dsps_ops
                0x000000004030b648       0x24 drivers/built-in.o
                0x000000004030b648                musb_dsps_ops
 .data.wdt_trgr_pattern
                0x000000004030b66c        0x4 drivers/built-in.o
 .data.ext4fs_indir3_blkno
                0x000000004030b670        0x4 fs/built-in.o
                0x000000004030b670                ext4fs_indir3_blkno
 .data.ext4fs_indir1_blkno
                0x000000004030b674        0x4 fs/built-in.o
                0x000000004030b674                ext4fs_indir1_blkno
 .data.ext4fs_indir2_blkno
                0x000000004030b678        0x4 fs/built-in.o
                0x000000004030b678                ext4fs_indir2_blkno
 .data.mode_3_cfg
                0x000000004030b67c       0x24 drivers/built-in.o
 .data.mode_4_cfg
                0x000000004030b6a0       0xa2 drivers/built-in.o
 .data.mode_5_cfg
                0x000000004030b742       0xa2 drivers/built-in.o
 .data.mode_0_cfg
                0x000000004030b7e4       0x1e drivers/built-in.o
 .data.ep0_cfg  0x000000004030b802        0x6 drivers/built-in.o
 .data.mode_1_cfg
                0x000000004030b808       0x1e drivers/built-in.o
 .data.mode_2_cfg
                0x000000004030b826       0x24 drivers/built-in.o
 .data.fifo_mode
                0x000000004030b84a        0x2 drivers/built-in.o
 .data.gpmc_cs0_flash
                0x000000004030b84c        0x1 arch/arm/mach-omap2/built-in.o
                0x000000004030b84c                gpmc_cs0_flash
 .data.first_time.12843
                0x000000004030b84d        0x1 board/ti/am335x/built-in.o
 .data.system_guid
                0x000000004030b84e       0x10 disk/built-in.o

.igot.plt       0x000000004030b860        0x0
 .igot.plt      0x000000004030b860        0x0 arch/arm/cpu/armv7/start.o
